../Drivers/STM32F4xx_HAL_Driver/Src/stm32f4xx_hal_flash.c:159:19:HAL_FLASH_Program	32	static
../Drivers/STM32F4xx_HAL_Driver/Src/stm32f4xx_hal_flash.c:217:19:HAL_FLASH_Program_IT	32	static
../Drivers/STM32F4xx_HAL_Driver/Src/stm32f4xx_hal_flash.c:269:6:HAL_FLASH_IRQHandler	16	static
../Drivers/STM32F4xx_HAL_Driver/Src/stm32f4xx_hal_flash.c:396:13:HAL_FLASH_EndOfOperationCallback	16	static
../Drivers/STM32F4xx_HAL_Driver/Src/stm32f4xx_hal_flash.c:411:13:HAL_FLASH_OperationErrorCallback	16	static
../Drivers/STM32F4xx_HAL_Driver/Src/stm32f4xx_hal_flash.c:442:19:HAL_FLASH_Unlock	4	static
../Drivers/STM32F4xx_HAL_Driver/Src/stm32f4xx_hal_flash.c:463:19:HAL_FLASH_Lock	4	static
../Drivers/STM32F4xx_HAL_Driver/Src/stm32f4xx_hal_flash.c:477:19:HAL_FLASH_OB_Unlock	4	static
../Drivers/STM32F4xx_HAL_Driver/Src/stm32f4xx_hal_flash.c:498:19:HAL_FLASH_OB_Lock	4	static
../Drivers/STM32F4xx_HAL_Driver/Src/stm32f4xx_hal_flash.c:511:19:HAL_FLASH_OB_Launch	8	static
../Drivers/STM32F4xx_HAL_Driver/Src/stm32f4xx_hal_flash.c:549:20:HAL_FLASH_GetError	4	static
../Drivers/STM32F4xx_HAL_Driver/Src/stm32f4xx_hal_flash.c:563:19:FLASH_WaitForLastOperation	24	static
../Drivers/STM32F4xx_HAL_Driver/Src/stm32f4xx_hal_flash.c:607:13:FLASH_Program_DoubleWord	24	static
../Drivers/STM32F4xx_HAL_Driver/Src/stm32f4xx_hal_flash.c:633:13:FLASH_Program_Word	16	static
../Drivers/STM32F4xx_HAL_Driver/Src/stm32f4xx_hal_flash.c:658:13:FLASH_Program_HalfWord	16	static
../Drivers/STM32F4xx_HAL_Driver/Src/stm32f4xx_hal_flash.c:683:13:FLASH_Program_Byte	16	static
../Drivers/STM32F4xx_HAL_Driver/Src/stm32f4xx_hal_flash.c:701:13:FLASH_SetErrorCode	4	static
