Archive member included to satisfy reference by file (symbol)

C:\Users\cwang135\Dropbox (ASU)\cwang135\Documents\EEE404\online\labs_code\project2\audio_spectrum_analyzer\Core\libs\libPDMFilter_CM4F_GCC.a(pdm_filter.o)
                              ./Core/Src/stm32f4_discovery_audio.o (PDM_Filter_Init)
C:\Users\cwang135\Dropbox (ASU)\cwang135\Documents\EEE404\online\labs_code\project2\audio_spectrum_analyzer\Core\libs\libarm_cortexM4lf_math.a(arm_rfft_fast_init_f32.o)
                              ./Core/Src/main.o (arm_rfft_fast_init_f32)
C:\Users\cwang135\Dropbox (ASU)\cwang135\Documents\EEE404\online\labs_code\project2\audio_spectrum_analyzer\Core\libs\libarm_cortexM4lf_math.a(arm_rfft_fast_f32.o)
                              ./Core/Src/waverecorder.o (arm_rfft_fast_f32)
C:\Users\cwang135\Dropbox (ASU)\cwang135\Documents\EEE404\online\labs_code\project2\audio_spectrum_analyzer\Core\libs\libarm_cortexM4lf_math.a(arm_cfft_f32.o)
                              C:\Users\cwang135\Dropbox (ASU)\cwang135\Documents\EEE404\online\labs_code\project2\audio_spectrum_analyzer\Core\libs\libarm_cortexM4lf_math.a(arm_rfft_fast_f32.o) (arm_cfft_f32)
C:\Users\cwang135\Dropbox (ASU)\cwang135\Documents\EEE404\online\labs_code\project2\audio_spectrum_analyzer\Core\libs\libarm_cortexM4lf_math.a(arm_common_tables.o)
                              C:\Users\cwang135\Dropbox (ASU)\cwang135\Documents\EEE404\online\labs_code\project2\audio_spectrum_analyzer\Core\libs\libarm_cortexM4lf_math.a(arm_rfft_fast_init_f32.o) (twiddleCoef_rfft_4096)
C:\Users\cwang135\Dropbox (ASU)\cwang135\Documents\EEE404\online\labs_code\project2\audio_spectrum_analyzer\Core\libs\libarm_cortexM4lf_math.a(arm_bitreversal2.o)
                              C:\Users\cwang135\Dropbox (ASU)\cwang135\Documents\EEE404\online\labs_code\project2\audio_spectrum_analyzer\Core\libs\libarm_cortexM4lf_math.a(arm_cfft_f32.o) (arm_bitreversal_32)
C:\Users\cwang135\Dropbox (ASU)\cwang135\Documents\EEE404\online\labs_code\project2\audio_spectrum_analyzer\Core\libs\libarm_cortexM4lf_math.a(arm_cfft_radix8_f32.o)
                              C:\Users\cwang135\Dropbox (ASU)\cwang135\Documents\EEE404\online\labs_code\project2\audio_spectrum_analyzer\Core\libs\libarm_cortexM4lf_math.a(arm_cfft_f32.o) (arm_radix8_butterfly_f32)
C:/ST/STM32CubeIDE_1.16.0/STM32CubeIDE/plugins/com.st.stm32cube.ide.mcu.externaltools.gnu-tools-for-stm32.12.3.rel1.win32_1.0.200.202406191623/tools/bin/../lib/gcc/arm-none-eabi/12.3.1/../../../../arm-none-eabi/lib/thumb/v7e-m+fp/hard\libc_nano.a(libc_a-exit.o)
                              C:/ST/STM32CubeIDE_1.16.0/STM32CubeIDE/plugins/com.st.stm32cube.ide.mcu.externaltools.gnu-tools-for-stm32.12.3.rel1.win32_1.0.200.202406191623/tools/bin/../lib/gcc/arm-none-eabi/12.3.1/../../../../arm-none-eabi/lib/thumb/v7e-m+fp/hard/crt0.o (exit)
C:/ST/STM32CubeIDE_1.16.0/STM32CubeIDE/plugins/com.st.stm32cube.ide.mcu.externaltools.gnu-tools-for-stm32.12.3.rel1.win32_1.0.200.202406191623/tools/bin/../lib/gcc/arm-none-eabi/12.3.1/../../../../arm-none-eabi/lib/thumb/v7e-m+fp/hard\libc_nano.a(libc_a-findfp.o)
                              C:/ST/STM32CubeIDE_1.16.0/STM32CubeIDE/plugins/com.st.stm32cube.ide.mcu.externaltools.gnu-tools-for-stm32.12.3.rel1.win32_1.0.200.202406191623/tools/bin/../lib/gcc/arm-none-eabi/12.3.1/../../../../arm-none-eabi/lib/thumb/v7e-m+fp/hard\libc_nano.a(libc_a-exit.o) (__stdio_exit_handler)
C:/ST/STM32CubeIDE_1.16.0/STM32CubeIDE/plugins/com.st.stm32cube.ide.mcu.externaltools.gnu-tools-for-stm32.12.3.rel1.win32_1.0.200.202406191623/tools/bin/../lib/gcc/arm-none-eabi/12.3.1/../../../../arm-none-eabi/lib/thumb/v7e-m+fp/hard\libc_nano.a(libc_a-fwalk.o)
                              C:/ST/STM32CubeIDE_1.16.0/STM32CubeIDE/plugins/com.st.stm32cube.ide.mcu.externaltools.gnu-tools-for-stm32.12.3.rel1.win32_1.0.200.202406191623/tools/bin/../lib/gcc/arm-none-eabi/12.3.1/../../../../arm-none-eabi/lib/thumb/v7e-m+fp/hard\libc_nano.a(libc_a-findfp.o) (_fwalk_sglue)
C:/ST/STM32CubeIDE_1.16.0/STM32CubeIDE/plugins/com.st.stm32cube.ide.mcu.externaltools.gnu-tools-for-stm32.12.3.rel1.win32_1.0.200.202406191623/tools/bin/../lib/gcc/arm-none-eabi/12.3.1/../../../../arm-none-eabi/lib/thumb/v7e-m+fp/hard\libc_nano.a(libc_a-stdio.o)
                              C:/ST/STM32CubeIDE_1.16.0/STM32CubeIDE/plugins/com.st.stm32cube.ide.mcu.externaltools.gnu-tools-for-stm32.12.3.rel1.win32_1.0.200.202406191623/tools/bin/../lib/gcc/arm-none-eabi/12.3.1/../../../../arm-none-eabi/lib/thumb/v7e-m+fp/hard\libc_nano.a(libc_a-findfp.o) (__sread)
C:/ST/STM32CubeIDE_1.16.0/STM32CubeIDE/plugins/com.st.stm32cube.ide.mcu.externaltools.gnu-tools-for-stm32.12.3.rel1.win32_1.0.200.202406191623/tools/bin/../lib/gcc/arm-none-eabi/12.3.1/../../../../arm-none-eabi/lib/thumb/v7e-m+fp/hard\libc_nano.a(libc_a-memset.o)
[...]
Memory Configuration

Name             Origin             Length             Attributes
CCMRAM           0x10000000         0x00010000         xrw
RAM              0x20000000         0x00020000         xrw
FLASH            0x08000000         0x00100000         xr
*default*        0x00000000         0xffffffff

Linker script and memory map

LOAD C:/ST/STM32CubeIDE_1.16.0/STM32CubeIDE/plugins/com.st.stm32cube.ide.mcu.externaltools.gnu-tools-for-stm32.12.3.rel1.win32_1.0.200.202406191623/tools/bin/../lib/gcc/arm-none-eabi/12.3.1/thumb/v7e-m+fp/hard/crti.o
LOAD C:/ST/STM32CubeIDE_1.16.0/STM32CubeIDE/plugins/com.st.stm32cube.ide.mcu.externaltools.gnu-tools-for-stm32.12.3.rel1.win32_1.0.200.202406191623/tools/bin/../lib/gcc/arm-none-eabi/12.3.1/thumb/v7e-m+fp/hard/crtbegin.o
LOAD C:/ST/STM32CubeIDE_1.16.0/STM32CubeIDE/plugins/com.st.stm32cube.ide.mcu.externaltools.gnu-tools-for-stm32.12.3.rel1.win32_1.0.200.202406191623/tools/bin/../lib/gcc/arm-none-eabi/12.3.1/../../../../arm-none-eabi/lib/thumb/v7e-m+fp/hard/crt0.o
LOAD ./Core/Src/cs43l22.o
LOAD ./Core/Src/main.o
LOAD ./Core/Src/stm32f4_discovery.o
LOAD ./Core/Src/stm32f4_discovery_audio.o
LOAD ./Core/Src/stm32f4xx_hal_msp.o
LOAD ./Core/Src/stm32f4xx_it.o
LOAD ./Core/Src/syscalls.o
LOAD ./Core/Src/sysmem.o
LOAD ./Core/Src/system_stm32f4xx.o
LOAD ./Core/Src/waveplayer.o
LOAD ./Core/Src/waverecorder.o
LOAD ./Core/Startup/startup_stm32f407vgtx.o
LOAD ./Drivers/STM32F4xx_HAL_Driver/Src/stm32f4xx_hal.o
LOAD ./Drivers/STM32F4xx_HAL_Driver/Src/stm32f4xx_hal_adc.o
LOAD ./Drivers/STM32F4xx_HAL_Driver/Src/stm32f4xx_hal_adc_ex.o
LOAD ./Drivers/STM32F4xx_HAL_Driver/Src/stm32f4xx_hal_can.o
LOAD ./Drivers/STM32F4xx_HAL_Driver/Src/stm32f4xx_hal_cortex.o
LOAD ./Drivers/STM32F4xx_HAL_Driver/Src/stm32f4xx_hal_crc.o
LOAD ./Drivers/STM32F4xx_HAL_Driver/Src/stm32f4xx_hal_cryp.o
LOAD ./Drivers/STM32F4xx_HAL_Driver/Src/stm32f4xx_hal_cryp_ex.o
LOAD ./Drivers/STM32F4xx_HAL_Driver/Src/stm32f4xx_hal_dac.o
LOAD ./Drivers/STM32F4xx_HAL_Driver/Src/stm32f4xx_hal_dac_ex.o
LOAD ./Drivers/STM32F4xx_HAL_Driver/Src/stm32f4xx_hal_dcmi.o
LOAD ./Drivers/STM32F4xx_HAL_Driver/Src/stm32f4xx_hal_dma.o
LOAD ./Drivers/STM32F4xx_HAL_Driver/Src/stm32f4xx_hal_dma2d.o
LOAD ./Drivers/STM32F4xx_HAL_Driver/Src/stm32f4xx_hal_dma_ex.o
LOAD ./Drivers/STM32F4xx_HAL_Driver/Src/stm32f4xx_hal_eth.o
LOAD ./Drivers/STM32F4xx_HAL_Driver/Src/stm32f4xx_hal_exti.o
LOAD ./Drivers/STM32F4xx_HAL_Driver/Src/stm32f4xx_hal_flash.o
LOAD ./Drivers/STM32F4xx_HAL_Driver/Src/stm32f4xx_hal_flash_ex.o
LOAD ./Drivers/STM32F4xx_HAL_Driver/Src/stm32f4xx_hal_flash_ramfunc.o
LOAD ./Drivers/STM32F4xx_HAL_Driver/Src/stm32f4xx_hal_gpio.o
LOAD ./Drivers/STM32F4xx_HAL_Driver/Src/stm32f4xx_hal_hash.o
LOAD ./Drivers/STM32F4xx_HAL_Driver/Src/stm32f4xx_hal_hash_ex.o
LOAD ./Drivers/STM32F4xx_HAL_Driver/Src/stm32f4xx_hal_hcd.o
LOAD ./Drivers/STM32F4xx_HAL_Driver/Src/stm32f4xx_hal_i2c.o
LOAD ./Drivers/STM32F4xx_HAL_Driver/Src/stm32f4xx_hal_i2c_ex.o
LOAD ./Drivers/STM32F4xx_HAL_Driver/Src/stm32f4xx_hal_i2s.o
LOAD ./Drivers/STM32F4xx_HAL_Driver/Src/stm32f4xx_hal_i2s_ex.o
LOAD ./Drivers/STM32F4xx_HAL_Driver/Src/stm32f4xx_hal_irda.o
LOAD ./Drivers/STM32F4xx_HAL_Driver/Src/stm32f4xx_hal_iwdg.o
LOAD ./Drivers/STM32F4xx_HAL_Driver/Src/stm32f4xx_hal_ltdc.o
LOAD ./Drivers/STM32F4xx_HAL_Driver/Src/stm32f4xx_hal_msp_template.o
LOAD ./Drivers/STM32F4xx_HAL_Driver/Src/stm32f4xx_hal_nand.o
LOAD ./Drivers/STM32F4xx_HAL_Driver/Src/stm32f4xx_hal_nor.o
LOAD ./Drivers/STM32F4xx_HAL_Driver/Src/stm32f4xx_hal_pccard.o
LOAD ./Drivers/STM32F4xx_HAL_Driver/Src/stm32f4xx_hal_pcd.o
LOAD ./Drivers/STM32F4xx_HAL_Driver/Src/stm32f4xx_hal_pwr.o
LOAD ./Drivers/STM32F4xx_HAL_Driver/Src/stm32f4xx_hal_pwr_ex.o
LOAD ./Drivers/STM32F4xx_HAL_Driver/Src/stm32f4xx_hal_rcc.o
LOAD ./Drivers/STM32F4xx_HAL_Driver/Src/stm32f4xx_hal_rcc_ex.o
LOAD ./Drivers/STM32F4xx_HAL_Driver/Src/stm32f4xx_hal_rng.o
LOAD ./Drivers/STM32F4xx_HAL_Driver/Src/stm32f4xx_hal_rtc.o
LOAD ./Drivers/STM32F4xx_HAL_Driver/Src/stm32f4xx_hal_rtc_ex.o
LOAD ./Drivers/STM32F4xx_HAL_Driver/Src/stm32f4xx_hal_sai.o
LOAD ./Drivers/STM32F4xx_HAL_Driver/Src/stm32f4xx_hal_sd.o
LOAD ./Drivers/STM32F4xx_HAL_Driver/Src/stm32f4xx_hal_sdram.o
LOAD ./Drivers/STM32F4xx_HAL_Driver/Src/stm32f4xx_hal_smartcard.o
LOAD ./Drivers/STM32F4xx_HAL_Driver/Src/stm32f4xx_hal_spi.o
LOAD ./Drivers/STM32F4xx_HAL_Driver/Src/stm32f4xx_hal_sram.o
LOAD ./Drivers/STM32F4xx_HAL_Driver/Src/stm32f4xx_hal_tim.o
LOAD ./Drivers/STM32F4xx_HAL_Driver/Src/stm32f4xx_hal_tim_ex.o
LOAD ./Drivers/STM32F4xx_HAL_Driver/Src/stm32f4xx_hal_uart.o
LOAD ./Drivers/STM32F4xx_HAL_Driver/Src/stm32f4xx_hal_usart.o
LOAD ./Drivers/STM32F4xx_HAL_Driver/Src/stm32f4xx_hal_wwdg.o
LOAD ./Drivers/STM32F4xx_HAL_Driver/Src/stm32f4xx_ll_fmc.o
LOAD ./Drivers/STM32F4xx_HAL_Driver/Src/stm32f4xx_ll_fsmc.o
LOAD ./Drivers/STM32F4xx_HAL_Driver/Src/stm32f4xx_ll_sdmmc.o
LOAD ./Drivers/STM32F4xx_HAL_Driver/Src/stm32f4xx_ll_usb.o
LOAD C:\Users\cwang135\Dropbox (ASU)\cwang135\Documents\EEE404\online\labs_code\project2\audio_spectrum_analyzer\Core\libs\libPDMFilter_CM4F_GCC.a
LOAD C:\Users\cwang135\Dropbox (ASU)\cwang135\Documents\EEE404\online\labs_code\project2\audio_spectrum_analyzer\Core\libs\libarm_cortexM4lf_math.a
START GROUP
LOAD C:/ST/STM32CubeIDE_1.16.0/STM32CubeIDE/plugins/com.st.stm32cube.ide.mcu.externaltools.gnu-tools-for-stm32.12.3.rel1.win32_1.0.200.202406191623/tools/bin/../lib/gcc/arm-none-eabi/12.3.1/../../../../arm-none-eabi/lib/thumb/v7e-m+fp/hard\libc_nano.a
LOAD C:/ST/STM32CubeIDE_1.16.0/STM32CubeIDE/plugins/com.st.stm32cube.ide.mcu.externaltools.gnu-tools-for-stm32.12.3.rel1.win32_1.0.200.202406191623/tools/bin/../lib/gcc/arm-none-eabi/12.3.1/../../../../arm-none-eabi/lib/thumb/v7e-m+fp/hard\libm.a
END GROUP
START GROUP
LOAD C:/ST/STM32CubeIDE_1.16.0/STM32CubeIDE/plugins/com.st.stm32cube.ide.mcu.externaltools.gnu-tools-for-stm32.12.3.rel1.win32_1.0.200.202406191623/tools/bin/../lib/gcc/arm-none-eabi/12.3.1/thumb/v7e-m+fp/hard\libgcc.a
LOAD C:/ST/STM32CubeIDE_1.16.0/STM32CubeIDE/plugins/com.st.stm32cube.ide.mcu.externaltools.gnu-tools-for-stm32.12.3.rel1.win32_1.0.200.202406191623/tools/bin/../lib/gcc/arm-none-eabi/12.3.1/../../../../arm-none-eabi/lib/thumb/v7e-m+fp/hard\libc_nano.a
END GROUP
START GROUP
LOAD C:/ST/STM32CubeIDE_1.16.0/STM32CubeIDE/plugins/com.st.stm32cube.ide.mcu.externaltools.gnu-tools-for-stm32.12.3.rel1.win32_1.0.200.202406191623/tools/bin/../lib/gcc/arm-none-eabi/12.3.1/thumb/v7e-m+fp/hard\libgcc.a
LOAD C:/ST/STM32CubeIDE_1.16.0/STM32CubeIDE/plugins/com.st.stm32cube.ide.mcu.externaltools.gnu-tools-for-stm32.12.3.rel1.win32_1.0.200.202406191623/tools/bin/../lib/gcc/arm-none-eabi/12.3.1/../../../../arm-none-eabi/lib/thumb/v7e-m+fp/hard\libc_nano.a
LOAD C:/ST/STM32CubeIDE_1.16.0/STM32CubeIDE/plugins/com.st.stm32cube.ide.mcu.externaltools.gnu-tools-for-stm32.12.3.rel1.win32_1.0.200.202406191623/tools/bin/../lib/gcc/arm-none-eabi/12.3.1/../../../../arm-none-eabi/lib/thumb/v7e-m+fp/hard\libnosys.a
END GROUP
START GROUP
LOAD C:/ST/STM32CubeIDE_1.16.0/STM32CubeIDE/plugins/com.st.stm32cube.ide.mcu.externaltools.gnu-tools-for-stm32.12.3.rel1.win32_1.0.200.202406191623/tools/bin/../lib/gcc/arm-none-eabi/12.3.1/thumb/v7e-m+fp/hard\libgcc.a
LOAD C:/ST/STM32CubeIDE_1.16.0/STM32CubeIDE/plugins/com.st.stm32cube.ide.mcu.externaltools.gnu-tools-for-stm32.12.3.rel1.win32_1.0.200.202406191623/tools/bin/../lib/gcc/arm-none-eabi/12.3.1/../../../../arm-none-eabi/lib/thumb/v7e-m+fp/hard\libc_nano.a
LOAD C:/ST/STM32CubeIDE_1.16.0/STM32CubeIDE/plugins/com.st.stm32cube.ide.mcu.externaltools.gnu-tools-for-stm32.12.3.rel1.win32_1.0.200.202406191623/tools/bin/../lib/gcc/arm-none-eabi/12.3.1/../../../../arm-none-eabi/lib/thumb/v7e-m+fp/hard\libnosys.a
END GROUP
LOAD C:/ST/STM32CubeIDE_1.16.0/STM32CubeIDE/plugins/com.st.stm32cube.ide.mcu.externaltools.gnu-tools-for-stm32.12.3.rel1.win32_1.0.200.202406191623/tools/bin/../lib/gcc/arm-none-eabi/12.3.1/thumb/v7e-m+fp/hard/crtend.o
LOAD C:/ST/STM32CubeIDE_1.16.0/STM32CubeIDE/plugins/com.st.stm32cube.ide.mcu.externaltools.gnu-tools-for-stm32.12.3.rel1.win32_1.0.200.202406191623/tools/bin/../lib/gcc/arm-none-eabi/12.3.1/thumb/v7e-m+fp/hard/crtn.o
                0x20020000                        _estack = (ORIGIN (RAM) + LENGTH (RAM))
                0x00000200                        _Min_Heap_Size = 0x200
                0x00000400                        _Min_Stack_Size = 0x400

.isr_vector     0x08000000      0x188
                0x08000000                        . = ALIGN (0x4)
 *(.isr_vector)
 .isr_vector    0x08000000      0x188 ./Core/Startup/startup_stm32f407vgtx.o
                0x08000000                g_pfnVectors
                0x08000188                        . = ALIGN (0x4)

.text           0x08000188     0xc724
                0x08000188                        . = ALIGN (0x4)
 *(.text)
 .text          0x08000188       0x40 C:/ST/STM32CubeIDE_1.16.0/STM32CubeIDE/plugins/com.st.stm32cube.ide.mcu.externaltools.gnu-tools-for-stm32.12.3.rel1.win32_1.0.200.202406191623/tools/bin/../lib/gcc/arm-none-eabi/12.3.1/thumb/v7e-m+fp/hard/crtbegin.o
 .text          0x080001c8     0x1738 C:\Users\cwang135\Dropbox (ASU)\cwang135\Documents\EEE404\online\labs_code\project2\audio_spectrum_analyzer\Core\libs\libPDMFilter_CM4F_GCC.a(pdm_filter.o)
                0x080001c8                PDM_Filter_Init
                0x0800030c                PDM_Filter_64_LSB
                0x080005cc                PDM_Filter_80_LSB
                0x08000920                PDM_Filter_64_MSB
                0x08000b9c                PDM_Filter_80_MSB
                0x08000f00                PDM_Filter_128_MSB
                0x08001428                PDM_Filter_128_LSB
 .text          0x08001900       0xc0 C:\Users\cwang135\Dropbox (ASU)\cwang135\Documents\EEE404\online\labs_code\project2\audio_spectrum_analyzer\Core\libs\libarm_cortexM4lf_math.a(arm_bitreversal2.o)
                0x08001900                arm_bitreversal_32
                0x0800196a                arm_bitreversal_16
 .text          0x080019c0      0x378 C:/ST/STM32CubeIDE_1.16.0/STM32CubeIDE/plugins/com.st.stm32cube.ide.mcu.externaltools.gnu-tools-for-stm32.12.3.rel1.win32_1.0.200.202406191623/tools/bin/../lib/gcc/arm-none-eabi/12.3.1/thumb/v7e-m+fp/hard\libgcc.a(_arm_addsubdf3.o)
                0x080019c0                __aeabi_drsub
                0x080019c8                __aeabi_dsub
                0x080019c8                __subdf3
                0x080019cc                __aeabi_dadd
                0x080019cc                __adddf3
                0x08001c44                __floatunsidf
                0x08001c44                __aeabi_ui2d
                0x08001c64                __floatsidf
                0x08001c64                __aeabi_i2d
                0x08001c88                __aeabi_f2d
                0x08001c88                __extendsfdf2
                0x08001ccc                __floatundidf
                0x08001ccc                __aeabi_ul2d
                0x08001cdc                __floatdidf
                0x08001cdc                __aeabi_l2d
 .text          0x08001d38      0x424 C:/ST/STM32CubeIDE_1.16.0/STM32CubeIDE/plugins/com.st.stm32cube.ide.mcu.externaltools.gnu-tools-for-stm32.12.3.rel1.win32_1.0.200.202406191623/tools/bin/../lib/gcc/arm-none-eabi/12.3.1/thumb/v7e-m+fp/hard\libgcc.a(_arm_muldivdf3.o)
                0x08001d38                __aeabi_dmul
                0x08001d38                __muldf3
                0x08001f8c                __divdf3
                0x08001f8c                __aeabi_ddiv
 .text          0x0800215c       0x40 C:/ST/STM32CubeIDE_1.16.0/STM32CubeIDE/plugins/com.st.stm32cube.ide.mcu.externaltools.gnu-tools-for-stm32.12.3.rel1.win32_1.0.200.202406191623/tools/bin/../lib/gcc/arm-none-eabi/12.3.1/thumb/v7e-m+fp/hard\libgcc.a(_arm_fixunsdfsi.o)
                0x0800215c                __aeabi_d2uiz
                0x0800215c                __fixunsdfsi
 *(.text*)
 .text.cs43l22_Init
                0x0800219c      0x1c8 ./Core/Src/cs43l22.o
                0x0800219c                cs43l22_Init
 .text.cs43l22_ReadID
                0x08002364       0x24 ./Core/Src/cs43l22.o
                0x08002364                cs43l22_ReadID
 .text.cs43l22_Play
                0x08002388       0x5c ./Core/Src/cs43l22.o
                0x08002388                cs43l22_Play
 .text.cs43l22_Pause
                0x080023e4       0x42 ./Core/Src/cs43l22.o
                0x080023e4                cs43l22_Pause
 *fill*         0x08002426        0x2 
 .text.cs43l22_Resume
                0x08002428       0x78 ./Core/Src/cs43l22.o
                0x08002428                cs43l22_Resume
 .text.cs43l22_Stop
                0x080024a0       0x50 ./Core/Src/cs43l22.o
                0x080024a0                cs43l22_Stop
 .text.cs43l22_SetVolume
                0x080024f0       0xbc ./Core/Src/cs43l22.o
                0x080024f0                cs43l22_SetVolume
 .text.cs43l22_SetFrequency
                0x080025ac       0x1a ./Core/Src/cs43l22.o
                0x080025ac                cs43l22_SetFrequency
 *fill*         0x080025c6        0x2 
 .text.cs43l22_SetMute
                0x080025c8       0x5c ./Core/Src/cs43l22.o
                0x080025c8                cs43l22_SetMute
 .text.cs43l22_SetOutputMode
                0x08002624       0xe4 ./Core/Src/cs43l22.o
                0x08002624                cs43l22_SetOutputMode
 .text.CODEC_IO_Write
                0x08002708       0x2e ./Core/Src/cs43l22.o
 *fill*         0x08002736        0x2 
 .text.main     0x08002738       0xb0 ./Core/Src/main.o
                0x08002738                main
 .text.SystemClock_Config
                0x080027e8       0x94 ./Core/Src/main.o
 .text.HAL_UART_TxCpltCallback
                0x0800287c       0x20 ./Core/Src/main.o
                0x0800287c                HAL_UART_TxCpltCallback
 .text.Error_Handler
                0x0800289c        0xe ./Core/Src/main.o
                0x0800289c                Error_Handler
 *fill*         0x080028aa        0x2 
 .text.BSP_LED_Init
                0x080028ac       0xa8 ./Core/Src/stm32f4_discovery.o
                0x080028ac                BSP_LED_Init
 .text.BSP_LED_On
                0x08002954       0x34 ./Core/Src/stm32f4_discovery.o
                0x08002954                BSP_LED_On
 .text.BSP_LED_Off
                0x08002988       0x34 ./Core/Src/stm32f4_discovery.o
                0x08002988                BSP_LED_Off
 .text.BSP_LED_Toggle
                0x080029bc       0x34 ./Core/Src/stm32f4_discovery.o
                0x080029bc                BSP_LED_Toggle
 .text.I2Cx_Init
                0x080029f0       0x4c ./Core/Src/stm32f4_discovery.o
 .text.I2Cx_WriteData
                0x08002a3c       0x58 ./Core/Src/stm32f4_discovery.o
 .text.I2Cx_ReadData
                0x08002a94       0x5c ./Core/Src/stm32f4_discovery.o
 .text.I2Cx_Error
                0x08002af0       0x20 ./Core/Src/stm32f4_discovery.o
 .text.I2Cx_MspInit
                0x08002b10       0x88 ./Core/Src/stm32f4_discovery.o
 .text.AUDIO_IO_Init
                0x08002b98       0x60 ./Core/Src/stm32f4_discovery.o
                0x08002b98                AUDIO_IO_Init
 .text.AUDIO_IO_Write
                0x08002bf8       0x26 ./Core/Src/stm32f4_discovery.o
                0x08002bf8                AUDIO_IO_Write
 .text.AUDIO_IO_Read
                0x08002c1e       0x26 ./Core/Src/stm32f4_discovery.o
                0x08002c1e                AUDIO_IO_Read
 .text.BSP_AUDIO_OUT_Init
                0x08002c44       0xb0 ./Core/Src/stm32f4_discovery_audio.o
                0x08002c44                BSP_AUDIO_OUT_Init
 .text.BSP_AUDIO_OUT_Play
                0x08002cf4       0x50 ./Core/Src/stm32f4_discovery_audio.o
                0x08002cf4                BSP_AUDIO_OUT_Play
 .text.HAL_I2S_TxCpltCallback
                0x08002d44       0x24 ./Core/Src/stm32f4_discovery_audio.o
                0x08002d44                HAL_I2S_TxCpltCallback
 .text.HAL_I2S_TxHalfCpltCallback
                0x08002d68       0x24 ./Core/Src/stm32f4_discovery_audio.o
                0x08002d68                HAL_I2S_TxHalfCpltCallback
 .text.I2S3_MspInit
                0x08002d8c      0x130 ./Core/Src/stm32f4_discovery_audio.o
 .text.I2S3_Init
                0x08002ebc       0x74 ./Core/Src/stm32f4_discovery_audio.o
 .text.BSP_AUDIO_IN_Init
                0x08002f30       0x68 ./Core/Src/stm32f4_discovery_audio.o
                0x08002f30                BSP_AUDIO_IN_Init
 .text.BSP_AUDIO_IN_Record
                0x08002f98       0x30 ./Core/Src/stm32f4_discovery_audio.o
                0x08002f98                BSP_AUDIO_IN_Record
 .text.BSP_AUDIO_IN_PDMToPCM
                0x08002fc8       0xbc ./Core/Src/stm32f4_discovery_audio.o
                0x08002fc8                BSP_AUDIO_IN_PDMToPCM
 .text.HAL_I2S_RxCpltCallback
                0x08003084       0x14 ./Core/Src/stm32f4_discovery_audio.o
                0x08003084                HAL_I2S_RxCpltCallback
 .text.HAL_I2S_RxHalfCpltCallback
                0x08003098       0x14 ./Core/Src/stm32f4_discovery_audio.o
                0x08003098                HAL_I2S_RxHalfCpltCallback
 .text.BSP_AUDIO_IN_Error_Callback
                0x080030ac        0xe ./Core/Src/stm32f4_discovery_audio.o
                0x080030ac                BSP_AUDIO_IN_Error_Callback
 *fill*         0x080030ba        0x2 
 .text.PDMDecoder_Init
                0x080030bc       0xc8 ./Core/Src/stm32f4_discovery_audio.o
 .text.I2S2_MspInit
                0x08003184      0x134 ./Core/Src/stm32f4_discovery_audio.o
 .text.I2S2_Init
                0x080032b8       0x78 ./Core/Src/stm32f4_discovery_audio.o
 .text.HAL_I2S_ErrorCallback
                0x08003330       0x34 ./Core/Src/stm32f4_discovery_audio.o
                0x08003330                HAL_I2S_ErrorCallback
 .text.MX_TIM2_Init
                0x08003364       0x9c ./Core/Src/stm32f4_discovery_audio.o
                0x08003364                MX_TIM2_Init
 .text.HAL_TIM_Base_MspInit
                0x08003400       0x8c ./Core/Src/stm32f4_discovery_audio.o
                0x08003400                HAL_TIM_Base_MspInit
 .text.HAL_UART_MspInit
                0x0800348c      0x180 ./Core/Src/stm32f4xx_hal_msp.o
                0x0800348c                HAL_UART_MspInit
 .text.NMI_Handler
                0x0800360c        0xe ./Core/Src/stm32f4xx_it.o
                0x0800360c                NMI_Handler
 .text.HardFault_Handler
                0x0800361a        0x8 ./Core/Src/stm32f4xx_it.o
                0x0800361a                HardFault_Handler
 .text.MemManage_Handler
                0x08003622        0x8 ./Core/Src/stm32f4xx_it.o
                0x08003622                MemManage_Handler
 .text.BusFault_Handler
                0x0800362a        0x8 ./Core/Src/stm32f4xx_it.o
                0x0800362a                BusFault_Handler
 .text.UsageFault_Handler
                0x08003632        0x8 ./Core/Src/stm32f4xx_it.o
                0x08003632                UsageFault_Handler
 .text.SVC_Handler
                0x0800363a        0xe ./Core/Src/stm32f4xx_it.o
                0x0800363a                SVC_Handler
 .text.DebugMon_Handler
                0x08003648        0xe ./Core/Src/stm32f4xx_it.o
                0x08003648                DebugMon_Handler
 .text.PendSV_Handler
                0x08003656        0xe ./Core/Src/stm32f4xx_it.o
                0x08003656                PendSV_Handler
 .text.SysTick_Handler
                0x08003664        0xc ./Core/Src/stm32f4xx_it.o
                0x08003664                SysTick_Handler
 .text.EXTI0_IRQHandler
                0x08003670        0xe ./Core/Src/stm32f4xx_it.o
                0x08003670                EXTI0_IRQHandler
 .text.EXTI1_IRQHandler
                0x0800367e        0xe ./Core/Src/stm32f4xx_it.o
                0x0800367e                EXTI1_IRQHandler
 .text.DMA1_Stream7_IRQHandler
                0x0800368c       0x18 ./Core/Src/stm32f4xx_it.o
                0x0800368c                DMA1_Stream7_IRQHandler
 .text.DMA1_Stream3_IRQHandler
                0x080036a4       0x18 ./Core/Src/stm32f4xx_it.o
                0x080036a4                DMA1_Stream3_IRQHandler
 .text.TIM4_IRQHandler
                0x080036bc        0xe ./Core/Src/stm32f4xx_it.o
                0x080036bc                TIM4_IRQHandler
 .text.OTG_FS_IRQHandler
                0x080036ca        0xe ./Core/Src/stm32f4xx_it.o
                0x080036ca                OTG_FS_IRQHandler
 .text.DMA1_Stream5_IRQHandler
                0x080036d8       0x18 ./Core/Src/stm32f4xx_it.o
                0x080036d8                DMA1_Stream5_IRQHandler
 .text.DMA1_Stream6_IRQHandler
                0x080036f0       0x18 ./Core/Src/stm32f4xx_it.o
                0x080036f0                DMA1_Stream6_IRQHandler
 .text.TIM3_IRQHandler
                0x08003708        0xe ./Core/Src/stm32f4xx_it.o
                0x08003708                TIM3_IRQHandler
 *fill*         0x08003716        0x2 
 .text.SystemInit
                0x08003718       0x6c ./Core/Src/system_stm32f4xx.o
                0x08003718                SystemInit
 .text.BSP_AUDIO_OUT_HalfTransfer_CallBack
                0x08003784        0xe ./Core/Src/waveplayer.o
                0x08003784                BSP_AUDIO_OUT_HalfTransfer_CallBack
 .text.BSP_AUDIO_OUT_TransferComplete_CallBack
                0x08003792        0xe ./Core/Src/waveplayer.o
                0x08003792                BSP_AUDIO_OUT_TransferComplete_CallBack
 .text.BSP_AUDIO_OUT_Error_CallBack
                0x080037a0        0x8 ./Core/Src/waveplayer.o
                0x080037a0                BSP_AUDIO_OUT_Error_CallBack
 .text.WaveRecorderProcess
                0x080037a8       0x20 ./Core/Src/waverecorder.o
                0x080037a8                WaveRecorderProcess
 .text.BSP_AUDIO_IN_TransferComplete_CallBack
                0x080037c8       0x28 ./Core/Src/waverecorder.o
                0x080037c8                BSP_AUDIO_IN_TransferComplete_CallBack
 .text.BSP_AUDIO_IN_HalfTransfer_CallBack
                0x080037f0       0x28 ./Core/Src/waverecorder.o
                0x080037f0                BSP_AUDIO_IN_HalfTransfer_CallBack
 .text.Process_Out
                0x08003818      0x230 ./Core/Src/waverecorder.o
                0x08003818                Process_Out
 .text.Reset_Handler
                0x08003a48       0x50 ./Core/Startup/startup_stm32f407vgtx.o
                0x08003a48                Reset_Handler
 .text.Default_Handler
                0x08003a98        0x2 ./Core/Startup/startup_stm32f407vgtx.o
                0x08003a98                RTC_Alarm_IRQHandler
                0x08003a98                HASH_RNG_IRQHandler
                0x08003a98                EXTI2_IRQHandler
                0x08003a98                TIM8_CC_IRQHandler
                0x08003a98                TIM1_CC_IRQHandler
                0x08003a98                DMA2_Stream5_IRQHandler
                0x08003a98                PVD_IRQHandler
                0x08003a98                SDIO_IRQHandler
                0x08003a98                TAMP_STAMP_IRQHandler
                0x08003a98                CAN2_RX1_IRQHandler
                0x08003a98                EXTI3_IRQHandler
                0x08003a98                TIM8_TRG_COM_TIM14_IRQHandler
                0x08003a98                TIM1_UP_TIM10_IRQHandler
                0x08003a98                TIM8_UP_TIM13_IRQHandler
                0x08003a98                I2C3_ER_IRQHandler
                0x08003a98                I2C2_EV_IRQHandler
                0x08003a98                DMA1_Stream2_IRQHandler
                0x08003a98                CAN1_RX0_IRQHandler
                0x08003a98                FPU_IRQHandler
                0x08003a98                OTG_HS_WKUP_IRQHandler
                0x08003a98                CAN2_SCE_IRQHandler
                0x08003a98                DMA2_Stream2_IRQHandler
                0x08003a98                SPI1_IRQHandler
                0x08003a98                TIM6_DAC_IRQHandler
                0x08003a98                TIM1_BRK_TIM9_IRQHandler
                0x08003a98                DCMI_IRQHandler
                0x08003a98                CAN2_RX0_IRQHandler
                0x08003a98                DMA2_Stream3_IRQHandler
                0x08003a98                USART6_IRQHandler
                0x08003a98                USART3_IRQHandler
                0x08003a98                CAN1_RX1_IRQHandler
                0x08003a98                UART5_IRQHandler
                0x08003a98                DMA2_Stream0_IRQHandler
                0x08003a98                I2C1_EV_IRQHandler
                0x08003a98                DMA1_Stream1_IRQHandler
                0x08003a98                UART4_IRQHandler
                0x08003a98                RCC_IRQHandler
                0x08003a98                TIM8_BRK_TIM12_IRQHandler
                0x08003a98                Default_Handler
                0x08003a98                EXTI15_10_IRQHandler
                0x08003a98                ADC_IRQHandler
                0x08003a98                TIM7_IRQHandler
                0x08003a98                CAN2_TX_IRQHandler
                0x08003a98                TIM5_IRQHandler
                0x08003a98                DMA2_Stream7_IRQHandler
                0x08003a98                I2C3_EV_IRQHandler
                0x08003a98                EXTI9_5_IRQHandler
                0x08003a98                RTC_WKUP_IRQHandler
                0x08003a98                ETH_WKUP_IRQHandler
                0x08003a98                SPI2_IRQHandler
                0x08003a98                OTG_HS_EP1_IN_IRQHandler
                0x08003a98                DMA1_Stream0_IRQHandler
                0x08003a98                CAN1_TX_IRQHandler
                0x08003a98                EXTI4_IRQHandler
                0x08003a98                FSMC_IRQHandler
                0x08003a98                ETH_IRQHandler
                0x08003a98                OTG_HS_EP1_OUT_IRQHandler
                0x08003a98                WWDG_IRQHandler
                0x08003a98                TIM2_IRQHandler
                0x08003a98                OTG_FS_WKUP_IRQHandler
                0x08003a98                TIM1_TRG_COM_TIM11_IRQHandler
                0x08003a98                OTG_HS_IRQHandler
                0x08003a98                USART2_IRQHandler
                0x08003a98                I2C2_ER_IRQHandler
                0x08003a98                DMA2_Stream1_IRQHandler
                0x08003a98                CAN1_SCE_IRQHandler
                0x08003a98                FLASH_IRQHandler
                0x08003a98                DMA2_Stream4_IRQHandler
                0x08003a98                USART1_IRQHandler
                0x08003a98                SPI3_IRQHandler
                0x08003a98                DMA1_Stream4_IRQHandler
                0x08003a98                I2C1_ER_IRQHandler
                0x08003a98                DMA2_Stream6_IRQHandler
 *fill*         0x08003a9a        0x2 
 .text.HAL_Init
                0x08003a9c       0x44 ./Drivers/STM32F4xx_HAL_Driver/Src/stm32f4xx_hal.o
                0x08003a9c                HAL_Init
 .text.HAL_IncTick
                0x08003ae0       0x1c ./Drivers/STM32F4xx_HAL_Driver/Src/stm32f4xx_hal.o
                0x08003ae0                HAL_IncTick
 .text.HAL_GetTick
                0x08003afc       0x18 ./Drivers/STM32F4xx_HAL_Driver/Src/stm32f4xx_hal.o
                0x08003afc                HAL_GetTick
 .text.HAL_Delay
                0x08003b14       0x2c ./Drivers/STM32F4xx_HAL_Driver/Src/stm32f4xx_hal.o
                0x08003b14                HAL_Delay
 .text.__NVIC_SetPriorityGrouping
                0x08003b40       0x48 ./Drivers/STM32F4xx_HAL_Driver/Src/stm32f4xx_hal_cortex.o
 .text.__NVIC_GetPriorityGrouping
                0x08003b88       0x1c ./Drivers/STM32F4xx_HAL_Driver/Src/stm32f4xx_hal_cortex.o
 .text.__NVIC_EnableIRQ
                0x08003ba4       0x3c ./Drivers/STM32F4xx_HAL_Driver/Src/stm32f4xx_hal_cortex.o
 .text.__NVIC_SetPriority
                0x08003be0       0x54 ./Drivers/STM32F4xx_HAL_Driver/Src/stm32f4xx_hal_cortex.o
 .text.NVIC_EncodePriority
                0x08003c34       0x66 ./Drivers/STM32F4xx_HAL_Driver/Src/stm32f4xx_hal_cortex.o
 *fill*         0x08003c9a        0x2 
 .text.SysTick_Config
                0x08003c9c       0x44 ./Drivers/STM32F4xx_HAL_Driver/Src/stm32f4xx_hal_cortex.o
 .text.HAL_NVIC_SetPriorityGrouping
                0x08003ce0       0x16 ./Drivers/STM32F4xx_HAL_Driver/Src/stm32f4xx_hal_cortex.o
                0x08003ce0                HAL_NVIC_SetPriorityGrouping
 .text.HAL_NVIC_SetPriority
                0x08003cf6       0x38 ./Drivers/STM32F4xx_HAL_Driver/Src/stm32f4xx_hal_cortex.o
                0x08003cf6                HAL_NVIC_SetPriority
 .text.HAL_NVIC_EnableIRQ
                0x08003d2e       0x1c ./Drivers/STM32F4xx_HAL_Driver/Src/stm32f4xx_hal_cortex.o
                0x08003d2e                HAL_NVIC_EnableIRQ
 .text.HAL_SYSTICK_Config
                0x08003d4a       0x18 ./Drivers/STM32F4xx_HAL_Driver/Src/stm32f4xx_hal_cortex.o
                0x08003d4a                HAL_SYSTICK_Config
 *fill*         0x08003d62        0x2 
 .text.HAL_DMA_Init
                0x08003d64       0xd8 ./Drivers/STM32F4xx_HAL_Driver/Src/stm32f4xx_hal_dma.o
                0x08003d64                HAL_DMA_Init
 .text.HAL_DMA_DeInit
                0x08003e3c     0x12fc ./Drivers/STM32F4xx_HAL_Driver/Src/stm32f4xx_hal_dma.o
                0x08003e3c                HAL_DMA_DeInit
 .text.HAL_DMA_Start_IT
                0x08005138       0xb2 ./Drivers/STM32F4xx_HAL_Driver/Src/stm32f4xx_hal_dma.o
                0x08005138                HAL_DMA_Start_IT
 *fill*         0x080051ea        0x2 
 .text.HAL_DMA_IRQHandler
                0x080051ec     0x2f70 ./Drivers/STM32F4xx_HAL_Driver/Src/stm32f4xx_hal_dma.o
                0x080051ec                HAL_DMA_IRQHandler
 .text.DMA_SetConfig
                0x0800815c       0x4c ./Drivers/STM32F4xx_HAL_Driver/Src/stm32f4xx_hal_dma.o
 .text.HAL_GPIO_Init
                0x080081a8      0x348 ./Drivers/STM32F4xx_HAL_Driver/Src/stm32f4xx_hal_gpio.o
                0x080081a8                HAL_GPIO_Init
 .text.HAL_GPIO_WritePin
                0x080084f0       0x30 ./Drivers/STM32F4xx_HAL_Driver/Src/stm32f4xx_hal_gpio.o
                0x080084f0                HAL_GPIO_WritePin
 .text.HAL_GPIO_TogglePin
                0x08008520       0x24 ./Drivers/STM32F4xx_HAL_Driver/Src/stm32f4xx_hal_gpio.o
                0x08008520                HAL_GPIO_TogglePin
 .text.HAL_GPIO_EXTI_IRQHandler
                0x08008544       0x30 ./Drivers/STM32F4xx_HAL_Driver/Src/stm32f4xx_hal_gpio.o
                0x08008544                HAL_GPIO_EXTI_IRQHandler
 .text.HAL_GPIO_EXTI_Callback
                0x08008574       0x16 ./Drivers/STM32F4xx_HAL_Driver/Src/stm32f4xx_hal_gpio.o
                0x08008574                HAL_GPIO_EXTI_Callback
 *fill*         0x0800858a        0x2 
 .text.HAL_I2C_Init
                0x0800858c      0x1b0 ./Drivers/STM32F4xx_HAL_Driver/Src/stm32f4xx_hal_i2c.o
                0x0800858c                HAL_I2C_Init
 .text.HAL_I2C_DeInit
                0x0800873c       0x52 ./Drivers/STM32F4xx_HAL_Driver/Src/stm32f4xx_hal_i2c.o
                0x0800873c                HAL_I2C_DeInit
 .text.HAL_I2C_MspInit
                0x0800878e       0x14 ./Drivers/STM32F4xx_HAL_Driver/Src/stm32f4xx_hal_i2c.o
                0x0800878e                HAL_I2C_MspInit
 .text.HAL_I2C_MspDeInit
                0x080087a2       0x14 ./Drivers/STM32F4xx_HAL_Driver/Src/stm32f4xx_hal_i2c.o
                0x080087a2                HAL_I2C_MspDeInit
 *fill*         0x080087b6        0x2 
 .text.HAL_I2C_Mem_Write
                0x080087b8      0x168 ./Drivers/STM32F4xx_HAL_Driver/Src/stm32f4xx_hal_i2c.o
                0x080087b8                HAL_I2C_Mem_Write
 .text.HAL_I2C_Mem_Read
                0x08008920      0x2f0 ./Drivers/STM32F4xx_HAL_Driver/Src/stm32f4xx_hal_i2c.o
                0x08008920                HAL_I2C_Mem_Read
 .text.HAL_I2C_GetState
                0x08008c10       0x1c ./Drivers/STM32F4xx_HAL_Driver/Src/stm32f4xx_hal_i2c.o
                0x08008c10                HAL_I2C_GetState
 .text.I2C_RequestMemoryWrite
                0x08008c2c       0xec ./Drivers/STM32F4xx_HAL_Driver/Src/stm32f4xx_hal_i2c.o
 .text.I2C_RequestMemoryRead
                0x08008d18      0x16c ./Drivers/STM32F4xx_HAL_Driver/Src/stm32f4xx_hal_i2c.o
 .text.I2C_WaitOnFlagUntilTimeout
                0x08008e84      0x104 ./Drivers/STM32F4xx_HAL_Driver/Src/stm32f4xx_hal_i2c.o
 .text.I2C_WaitOnMasterAddressFlagUntilTimeout
                0x08008f88       0xdc ./Drivers/STM32F4xx_HAL_Driver/Src/stm32f4xx_hal_i2c.o
 .text.HAL_I2S_Init
                0x08009064      0x2e8 ./Drivers/STM32F4xx_HAL_Driver/Src/stm32f4xx_hal_i2s.o
                0x08009064                HAL_I2S_Init
 .text.HAL_I2S_MspInit
                0x0800934c       0x14 ./Drivers/STM32F4xx_HAL_Driver/Src/stm32f4xx_hal_i2s.o
                0x0800934c                HAL_I2S_MspInit
 .text.HAL_I2S_Transmit_DMA
                0x08009360      0x140 ./Drivers/STM32F4xx_HAL_Driver/Src/stm32f4xx_hal_i2s.o
                0x08009360                HAL_I2S_Transmit_DMA
 .text.HAL_I2S_Receive_DMA
                0x080094a0      0x15c ./Drivers/STM32F4xx_HAL_Driver/Src/stm32f4xx_hal_i2s.o
                0x080094a0                HAL_I2S_Receive_DMA
 .text.HAL_I2S_GetState
                0x080095fc       0x1c ./Drivers/STM32F4xx_HAL_Driver/Src/stm32f4xx_hal_i2s.o
                0x080095fc                HAL_I2S_GetState
 .text.I2S_DMATxCplt
                0x08009618       0x94 ./Drivers/STM32F4xx_HAL_Driver/Src/stm32f4xx_hal_i2s.o
                0x08009618                I2S_DMATxCplt
 .text.I2S_DMATxHalfCplt
                0x080096ac       0x1c ./Drivers/STM32F4xx_HAL_Driver/Src/stm32f4xx_hal_i2s.o
                0x080096ac                I2S_DMATxHalfCplt
 .text.I2S_DMARxCplt
                0x080096c8       0xa4 ./Drivers/STM32F4xx_HAL_Driver/Src/stm32f4xx_hal_i2s.o
                0x080096c8                I2S_DMARxCplt
 .text.I2S_DMARxHalfCplt
                0x0800976c       0x1c ./Drivers/STM32F4xx_HAL_Driver/Src/stm32f4xx_hal_i2s.o
                0x0800976c                I2S_DMARxHalfCplt
 .text.I2S_DMAError
                0x08009788       0x44 ./Drivers/STM32F4xx_HAL_Driver/Src/stm32f4xx_hal_i2s.o
                0x08009788                I2S_DMAError
 .text.HAL_MspInit
                0x080097cc        0xe ./Drivers/STM32F4xx_HAL_Driver/Src/stm32f4xx_hal_msp_template.o
                0x080097cc                HAL_MspInit
 *fill*         0x080097da        0x2 
 .text.__NVIC_SetPriority
                0x080097dc       0x54 ./Drivers/STM32F4xx_HAL_Driver/Src/stm32f4xx_hal_rcc.o
 .text.SysTick_Config
                0x08009830       0x44 ./Drivers/STM32F4xx_HAL_Driver/Src/stm32f4xx_hal_rcc.o
 .text.HAL_RCC_OscConfig
                0x08009874      0x480 ./Drivers/STM32F4xx_HAL_Driver/Src/stm32f4xx_hal_rcc.o
                0x08009874                HAL_RCC_OscConfig
 .text.HAL_RCC_ClockConfig
                0x08009cf4      0x28c ./Drivers/STM32F4xx_HAL_Driver/Src/stm32f4xx_hal_rcc.o
                0x08009cf4                HAL_RCC_ClockConfig
 .text.HAL_RCC_GetSysClockFreq
                0x08009f80      0x120 ./Drivers/STM32F4xx_HAL_Driver/Src/stm32f4xx_hal_rcc.o
                0x08009f80                HAL_RCC_GetSysClockFreq
 .text.HAL_RCC_GetHCLKFreq
                0x0800a0a0       0x50 ./Drivers/STM32F4xx_HAL_Driver/Src/stm32f4xx_hal_rcc.o
                0x0800a0a0                HAL_RCC_GetHCLKFreq
 .text.HAL_RCC_GetPCLK1Freq
                0x0800a0f0       0x44 ./Drivers/STM32F4xx_HAL_Driver/Src/stm32f4xx_hal_rcc.o
                0x0800a0f0                HAL_RCC_GetPCLK1Freq
 .text.HAL_RCC_GetPCLK2Freq
                0x0800a134       0x44 ./Drivers/STM32F4xx_HAL_Driver/Src/stm32f4xx_hal_rcc.o
                0x0800a134                HAL_RCC_GetPCLK2Freq
 .text.HAL_RCCEx_PeriphCLKConfig
                0x0800a178      0x1cc ./Drivers/STM32F4xx_HAL_Driver/Src/stm32f4xx_hal_rcc_ex.o
                0x0800a178                HAL_RCCEx_PeriphCLKConfig
 .text.HAL_RCCEx_GetPeriphCLKConfig
                0x0800a344       0x8c ./Drivers/STM32F4xx_HAL_Driver/Src/stm32f4xx_hal_rcc_ex.o
                0x0800a344                HAL_RCCEx_GetPeriphCLKConfig
 .text.HAL_TIM_Base_Init
                0x0800a3d0       0x4e ./Drivers/STM32F4xx_HAL_Driver/Src/stm32f4xx_hal_tim.o
                0x0800a3d0                HAL_TIM_Base_Init
 .text.HAL_TIM_Base_DeInit
                0x0800a41e       0x60 ./Drivers/STM32F4xx_HAL_Driver/Src/stm32f4xx_hal_tim.o
                0x0800a41e                HAL_TIM_Base_DeInit
 .text.HAL_TIM_Base_MspDeInit
                0x0800a47e       0x14 ./Drivers/STM32F4xx_HAL_Driver/Src/stm32f4xx_hal_tim.o
                0x0800a47e                HAL_TIM_Base_MspDeInit
 .text.HAL_TIM_Base_Start
                0x0800a492       0x36 ./Drivers/STM32F4xx_HAL_Driver/Src/stm32f4xx_hal_tim.o
                0x0800a492                HAL_TIM_Base_Start
 .text.HAL_TIM_OC_Init
                0x0800a4c8       0x4e ./Drivers/STM32F4xx_HAL_Driver/Src/stm32f4xx_hal_tim.o
                0x0800a4c8                HAL_TIM_OC_Init
 .text.HAL_TIM_OC_MspInit
                0x0800a516       0x14 ./Drivers/STM32F4xx_HAL_Driver/Src/stm32f4xx_hal_tim.o
                0x0800a516                HAL_TIM_OC_MspInit
 *fill*         0x0800a52a        0x2 
 .text.HAL_TIM_OC_Start
                0x0800a52c       0x68 ./Drivers/STM32F4xx_HAL_Driver/Src/stm32f4xx_hal_tim.o
                0x0800a52c                HAL_TIM_OC_Start
 .text.HAL_TIM_OC_ConfigChannel
                0x0800a594       0xc0 ./Drivers/STM32F4xx_HAL_Driver/Src/stm32f4xx_hal_tim.o
                0x0800a594                HAL_TIM_OC_ConfigChannel
 .text.HAL_TIM_ConfigClockSource
                0x0800a654      0x1d6 ./Drivers/STM32F4xx_HAL_Driver/Src/stm32f4xx_hal_tim.o
                0x0800a654                HAL_TIM_ConfigClockSource
 *fill*         0x0800a82a        0x2 
 .text.TIM_Base_SetConfig
                0x0800a82c      0x154 ./Drivers/STM32F4xx_HAL_Driver/Src/stm32f4xx_hal_tim.o
                0x0800a82c                TIM_Base_SetConfig
 .text.TIM_OC1_SetConfig
                0x0800a980       0xe8 ./Drivers/STM32F4xx_HAL_Driver/Src/stm32f4xx_hal_tim.o
 .text.TIM_OC2_SetConfig
                0x0800aa68       0xf0 ./Drivers/STM32F4xx_HAL_Driver/Src/stm32f4xx_hal_tim.o
                0x0800aa68                TIM_OC2_SetConfig
 .text.TIM_OC3_SetConfig
                0x0800ab58       0xf0 ./Drivers/STM32F4xx_HAL_Driver/Src/stm32f4xx_hal_tim.o
 .text.TIM_OC4_SetConfig
                0x0800ac48       0xc0 ./Drivers/STM32F4xx_HAL_Driver/Src/stm32f4xx_hal_tim.o
 .text.TIM_TI1_ConfigInputStage
                0x0800ad08       0x66 ./Drivers/STM32F4xx_HAL_Driver/Src/stm32f4xx_hal_tim.o
 .text.TIM_TI2_ConfigInputStage
                0x0800ad6e       0x68 ./Drivers/STM32F4xx_HAL_Driver/Src/stm32f4xx_hal_tim.o
 .text.TIM_ITRx_SetConfig
                0x0800add6       0x40 ./Drivers/STM32F4xx_HAL_Driver/Src/stm32f4xx_hal_tim.o
 .text.TIM_ETR_SetConfig
                0x0800ae16       0x44 ./Drivers/STM32F4xx_HAL_Driver/Src/stm32f4xx_hal_tim.o
 .text.TIM_CCxChannelCmd
                0x0800ae5a       0x46 ./Drivers/STM32F4xx_HAL_Driver/Src/stm32f4xx_hal_tim.o
                0x0800ae5a                TIM_CCxChannelCmd
 .text.HAL_TIMEx_MasterConfigSynchronization
                0x0800aea0       0x8a ./Drivers/STM32F4xx_HAL_Driver/Src/stm32f4xx_hal_tim_ex.o
                0x0800aea0                HAL_TIMEx_MasterConfigSynchronization
 .text.HAL_UART_Init
                0x0800af2a       0x8c ./Drivers/STM32F4xx_HAL_Driver/Src/stm32f4xx_hal_uart.o
                0x0800af2a                HAL_UART_Init
 *fill*         0x0800afb6        0x2 
 .text.HAL_UART_Transmit_DMA
                0x0800afb8       0xec ./Drivers/STM32F4xx_HAL_Driver/Src/stm32f4xx_hal_uart.o
                0x0800afb8                HAL_UART_Transmit_DMA
 .text.HAL_UART_TxHalfCpltCallback
                0x0800b0a4       0x14 ./Drivers/STM32F4xx_HAL_Driver/Src/stm32f4xx_hal_uart.o
                0x0800b0a4                HAL_UART_TxHalfCpltCallback
 .text.HAL_UART_ErrorCallback
                0x0800b0b8       0x14 ./Drivers/STM32F4xx_HAL_Driver/Src/stm32f4xx_hal_uart.o
                0x0800b0b8                HAL_UART_ErrorCallback
 .text.UART_DMATransmitCplt
                0x0800b0cc       0x74 ./Drivers/STM32F4xx_HAL_Driver/Src/stm32f4xx_hal_uart.o
 .text.UART_DMATxHalfCplt
                0x0800b140       0x1c ./Drivers/STM32F4xx_HAL_Driver/Src/stm32f4xx_hal_uart.o
 .text.UART_DMAError
                0x0800b15c       0x44 ./Drivers/STM32F4xx_HAL_Driver/Src/stm32f4xx_hal_uart.o
 .text.UART_WaitOnFlagUntilTimeout
                0x0800b1a0      0x124 ./Drivers/STM32F4xx_HAL_Driver/Src/stm32f4xx_hal_uart.o
 .text.UART_SetConfig
                0x0800b2c4      0x2d8 ./Drivers/STM32F4xx_HAL_Driver/Src/stm32f4xx_hal_uart.o
 .text.arm_rfft_fast_init_f32
                0x0800b59c      0x108 C:\Users\cwang135\Dropbox (ASU)\cwang135\Documents\EEE404\online\labs_code\project2\audio_spectrum_analyzer\Core\libs\libarm_cortexM4lf_math.a(arm_rfft_fast_init_f32.o)
                0x0800b59c                arm_rfft_fast_init_f32
 .text.arm_rfft_fast_f32
                0x0800b6a4      0x188 C:\Users\cwang135\Dropbox (ASU)\cwang135\Documents\EEE404\online\labs_code\project2\audio_spectrum_analyzer\Core\libs\libarm_cortexM4lf_math.a(arm_rfft_fast_f32.o)
                0x0800b6a4                arm_rfft_fast_f32
 .text.arm_cfft_radix8by2_f32
                0x0800b82c      0x1a4 C:\Users\cwang135\Dropbox (ASU)\cwang135\Documents\EEE404\online\labs_code\project2\audio_spectrum_analyzer\Core\libs\libarm_cortexM4lf_math.a(arm_cfft_f32.o)
                0x0800b82c                arm_cfft_radix8by2_f32
 .text.arm_cfft_radix8by4_f32
                0x0800b9d0      0x4bc C:\Users\cwang135\Dropbox (ASU)\cwang135\Documents\EEE404\online\labs_code\project2\audio_spectrum_analyzer\Core\libs\libarm_cortexM4lf_math.a(arm_cfft_f32.o)
                0x0800b9d0                arm_cfft_radix8by4_f32
 .text.arm_cfft_f32
                0x0800be8c       0xf4 C:\Users\cwang135\Dropbox (ASU)\cwang135\Documents\EEE404\online\labs_code\project2\audio_spectrum_analyzer\Core\libs\libarm_cortexM4lf_math.a(arm_cfft_f32.o)
                0x0800be8c                arm_cfft_f32
 .text.arm_radix8_butterfly_f32
                0x0800bf80      0x5c4 C:\Users\cwang135\Dropbox (ASU)\cwang135\Documents\EEE404\online\labs_code\project2\audio_spectrum_analyzer\Core\libs\libarm_cortexM4lf_math.a(arm_cfft_radix8_f32.o)
                0x0800bf80                arm_radix8_butterfly_f32
 .text.__errno  0x0800c544        0xc C:/ST/STM32CubeIDE_1.16.0/STM32CubeIDE/plugins/com.st.stm32cube.ide.mcu.externaltools.gnu-tools-for-stm32.12.3.rel1.win32_1.0.200.202406191623/tools/bin/../lib/gcc/arm-none-eabi/12.3.1/../../../../arm-none-eabi/lib/thumb/v7e-m+fp/hard\libc_nano.a(libc_a-errno.o)
                0x0800c544                __errno
 .text.__libc_init_array
                0x0800c550       0x48 C:/ST/STM32CubeIDE_1.16.0/STM32CubeIDE/plugins/com.st.stm32cube.ide.mcu.externaltools.gnu-tools-for-stm32.12.3.rel1.win32_1.0.200.202406191623/tools/bin/../lib/gcc/arm-none-eabi/12.3.1/../../../../arm-none-eabi/lib/thumb/v7e-m+fp/hard\libc_nano.a(libc_a-init.o)
                0x0800c550                __libc_init_array
 .text.log10f   0x0800c598       0x5c C:/ST/STM32CubeIDE_1.16.0/STM32CubeIDE/plugins/com.st.stm32cube.ide.mcu.externaltools.gnu-tools-for-stm32.12.3.rel1.win32_1.0.200.202406191623/tools/bin/../lib/gcc/arm-none-eabi/12.3.1/../../../../arm-none-eabi/lib/thumb/v7e-m+fp/hard\libm.a(libm_a-wf_log10.o)
                0x0800c598                log10f
 .text.nanf     0x0800c5f4        0xc C:/ST/STM32CubeIDE_1.16.0/STM32CubeIDE/plugins/com.st.stm32cube.ide.mcu.externaltools.gnu-tools-for-stm32.12.3.rel1.win32_1.0.200.202406191623/tools/bin/../lib/gcc/arm-none-eabi/12.3.1/../../../../arm-none-eabi/lib/thumb/v7e-m+fp/hard\libm.a(libm_a-sf_nan.o)
                0x0800c5f4                nanf
 .text.__ieee754_log10f
                0x0800c600       0xb0 C:/ST/STM32CubeIDE_1.16.0/STM32CubeIDE/plugins/com.st.stm32cube.ide.mcu.externaltools.gnu-tools-for-stm32.12.3.rel1.win32_1.0.200.202406191623/tools/bin/../lib/gcc/arm-none-eabi/12.3.1/../../../../arm-none-eabi/lib/thumb/v7e-m+fp/hard\libm.a(libm_a-ef_log10.o)
                0x0800c600                __ieee754_log10f
 .text.__ieee754_logf
                0x0800c6b0      0x1e4 C:/ST/STM32CubeIDE_1.16.0/STM32CubeIDE/plugins/com.st.stm32cube.ide.mcu.externaltools.gnu-tools-for-stm32.12.3.rel1.win32_1.0.200.202406191623/tools/bin/../lib/gcc/arm-none-eabi/12.3.1/../../../../arm-none-eabi/lib/thumb/v7e-m+fp/hard\libm.a(libm_a-ef_log.o)
                0x0800c6b0                __ieee754_logf
 *(.glue_7)
 .glue_7        0x0800c894        0x0 linker stubs
 *(.glue_7t)
 .glue_7t       0x0800c894        0x0 linker stubs
 *(.eh_frame)
 .eh_frame      0x0800c894        0x0 C:/ST/STM32CubeIDE_1.16.0/STM32CubeIDE/plugins/com.st.stm32cube.ide.mcu.externaltools.gnu-tools-for-stm32.12.3.rel1.win32_1.0.200.202406191623/tools/bin/../lib/gcc/arm-none-eabi/12.3.1/thumb/v7e-m+fp/hard/crtbegin.o
 *(.init)
 .init          0x0800c894        0x4 C:/ST/STM32CubeIDE_1.16.0/STM32CubeIDE/plugins/com.st.stm32cube.ide.mcu.externaltools.gnu-tools-for-stm32.12.3.rel1.win32_1.0.200.202406191623/tools/bin/../lib/gcc/arm-none-eabi/12.3.1/thumb/v7e-m+fp/hard/crti.o
                0x0800c894                _init
 .init          0x0800c898        0x8 C:/ST/STM32CubeIDE_1.16.0/STM32CubeIDE/plugins/com.st.stm32cube.ide.mcu.externaltools.gnu-tools-for-stm32.12.3.rel1.win32_1.0.200.202406191623/tools/bin/../lib/gcc/arm-none-eabi/12.3.1/thumb/v7e-m+fp/hard/crtn.o
 *(.fini)
 .fini          0x0800c8a0        0x4 C:/ST/STM32CubeIDE_1.16.0/STM32CubeIDE/plugins/com.st.stm32cube.ide.mcu.externaltools.gnu-tools-for-stm32.12.3.rel1.win32_1.0.200.202406191623/tools/bin/../lib/gcc/arm-none-eabi/12.3.1/thumb/v7e-m+fp/hard/crti.o
                0x0800c8a0                _fini
 .fini          0x0800c8a4        0x8 C:/ST/STM32CubeIDE_1.16.0/STM32CubeIDE/plugins/com.st.stm32cube.ide.mcu.externaltools.gnu-tools-for-stm32.12.3.rel1.win32_1.0.200.202406191623/tools/bin/../lib/gcc/arm-none-eabi/12.3.1/thumb/v7e-m+fp/hard/crtn.o
                0x0800c8ac                        . = ALIGN (0x4)
                0x0800c8ac                        _etext = .

.vfp11_veneer   0x0800c8ac        0x0
 .vfp11_veneer  0x0800c8ac        0x0 linker stubs

.v4_bx          0x0800c8ac        0x0
 .v4_bx         0x0800c8ac        0x0 linker stubs

.iplt           0x0800c8ac        0x0
 .iplt          0x0800c8ac        0x0 C:/ST/STM32CubeIDE_1.16.0/STM32CubeIDE/plugins/com.st.stm32cube.ide.mcu.externaltools.gnu-tools-for-stm32.12.3.rel1.win32_1.0.200.202406191623/tools/bin/../lib/gcc/arm-none-eabi/12.3.1/thumb/v7e-m+fp/hard/crtbegin.o

.rodata         0x0800c8ac    0x13474
                0x0800c8ac                        . = ALIGN (0x4)
 *(.rodata)
 *(.rodata*)
 .rodata.GPIO_PIN
                0x0800c8ac        0x8 ./Core/Src/stm32f4_discovery.o
                0x0800c8ac                GPIO_PIN
 .rodata.APBAHBPrescTable
                0x0800c8b4       0x10 ./Drivers/STM32F4xx_HAL_Driver/Src/stm32f4xx_hal_rcc.o
                0x0800c8b4                APBAHBPrescTable
 .rodata.twiddleCoef_2048
                0x0800c8c4     0x4000 C:\Users\cwang135\Dropbox (ASU)\cwang135\Documents\EEE404\online\labs_code\project2\audio_spectrum_analyzer\Core\libs\libarm_cortexM4lf_math.a(arm_common_tables.o)
                0x0800c8c4                twiddleCoef_2048
 .rodata.twiddleCoef_rfft_64
                0x080108c4      0x100 C:\Users\cwang135\Dropbox (ASU)\cwang135\Documents\EEE404\online\labs_code\project2\audio_spectrum_analyzer\Core\libs\libarm_cortexM4lf_math.a(arm_common_tables.o)
                0x080108c4                twiddleCoef_rfft_64
 .rodata.armBitRevIndexTable64
                0x080109c4       0x70 C:\Users\cwang135\Dropbox (ASU)\cwang135\Documents\EEE404\online\labs_code\project2\audio_spectrum_analyzer\Core\libs\libarm_cortexM4lf_math.a(arm_common_tables.o)
                0x080109c4                armBitRevIndexTable64
 .rodata.twiddleCoef_rfft_2048
                0x08010a34     0x2000 C:\Users\cwang135\Dropbox (ASU)\cwang135\Documents\EEE404\online\labs_code\project2\audio_spectrum_analyzer\Core\libs\libarm_cortexM4lf_math.a(arm_common_tables.o)
                0x08010a34                twiddleCoef_rfft_2048
 .rodata.twiddleCoef_rfft_4096
                0x08012a34     0x4000 C:\Users\cwang135\Dropbox (ASU)\cwang135\Documents\EEE404\online\labs_code\project2\audio_spectrum_analyzer\Core\libs\libarm_cortexM4lf_math.a(arm_common_tables.o)
                0x08012a34                twiddleCoef_rfft_4096
 .rodata.twiddleCoef_256
                0x08016a34      0x800 C:\Users\cwang135\Dropbox (ASU)\cwang135\Documents\EEE404\online\labs_code\project2\audio_spectrum_analyzer\Core\libs\libarm_cortexM4lf_math.a(arm_common_tables.o)
                0x08016a34                twiddleCoef_256
 .rodata.twiddleCoef_16
                0x08017234       0x80 C:\Users\cwang135\Dropbox (ASU)\cwang135\Documents\EEE404\online\labs_code\project2\audio_spectrum_analyzer\Core\libs\libarm_cortexM4lf_math.a(arm_common_tables.o)
                0x08017234                twiddleCoef_16
 .rodata.twiddleCoef_1024
                0x080172b4     0x2000 C:\Users\cwang135\Dropbox (ASU)\cwang135\Documents\EEE404\online\labs_code\project2\audio_spectrum_analyzer\Core\libs\libarm_cortexM4lf_math.a(arm_common_tables.o)
                0x080172b4                twiddleCoef_1024
 .rodata.twiddleCoef_32
                0x080192b4      0x100 C:\Users\cwang135\Dropbox (ASU)\cwang135\Documents\EEE404\online\labs_code\project2\audio_spectrum_analyzer\Core\libs\libarm_cortexM4lf_math.a(arm_common_tables.o)
                0x080192b4                twiddleCoef_32
 .rodata.armBitRevIndexTable1024
                0x080193b4      0xe10 C:\Users\cwang135\Dropbox (ASU)\cwang135\Documents\EEE404\online\labs_code\project2\audio_spectrum_analyzer\Core\libs\libarm_cortexM4lf_math.a(arm_common_tables.o)
                0x080193b4                armBitRevIndexTable1024
 .rodata.armBitRevIndexTable16
                0x0801a1c4       0x28 C:\Users\cwang135\Dropbox (ASU)\cwang135\Documents\EEE404\online\labs_code\project2\audio_spectrum_analyzer\Core\libs\libarm_cortexM4lf_math.a(arm_common_tables.o)
                0x0801a1c4                armBitRevIndexTable16
 .rodata.twiddleCoef_rfft_32
                0x0801a1ec       0x80 C:\Users\cwang135\Dropbox (ASU)\cwang135\Documents\EEE404\online\labs_code\project2\audio_spectrum_analyzer\Core\libs\libarm_cortexM4lf_math.a(arm_common_tables.o)
                0x0801a1ec                twiddleCoef_rfft_32
 .rodata.armBitRevIndexTable32
                0x0801a26c       0x60 C:\Users\cwang135\Dropbox (ASU)\cwang135\Documents\EEE404\online\labs_code\project2\audio_spectrum_analyzer\Core\libs\libarm_cortexM4lf_math.a(arm_common_tables.o)
                0x0801a26c                armBitRevIndexTable32
 .rodata.twiddleCoef_128
                0x0801a2cc      0x400 C:\Users\cwang135\Dropbox (ASU)\cwang135\Documents\EEE404\online\labs_code\project2\audio_spectrum_analyzer\Core\libs\libarm_cortexM4lf_math.a(arm_common_tables.o)
                0x0801a2cc                twiddleCoef_128
 .rodata.twiddleCoef_512
                0x0801a6cc     0x1000 C:\Users\cwang135\Dropbox (ASU)\cwang135\Documents\EEE404\online\labs_code\project2\audio_spectrum_analyzer\Core\libs\libarm_cortexM4lf_math.a(arm_common_tables.o)
                0x0801a6cc                twiddleCoef_512
 .rodata.armBitRevIndexTable2048
                0x0801b6cc     0x1dc0 C:\Users\cwang135\Dropbox (ASU)\cwang135\Documents\EEE404\online\labs_code\project2\audio_spectrum_analyzer\Core\libs\libarm_cortexM4lf_math.a(arm_common_tables.o)
                0x0801b6cc                armBitRevIndexTable2048
 .rodata.twiddleCoef_64
                0x0801d48c      0x200 C:\Users\cwang135\Dropbox (ASU)\cwang135\Documents\EEE404\online\labs_code\project2\audio_spectrum_analyzer\Core\libs\libarm_cortexM4lf_math.a(arm_common_tables.o)
                0x0801d48c                twiddleCoef_64
 .rodata.twiddleCoef_rfft_512
                0x0801d68c      0x800 C:\Users\cwang135\Dropbox (ASU)\cwang135\Documents\EEE404\online\labs_code\project2\audio_spectrum_analyzer\Core\libs\libarm_cortexM4lf_math.a(arm_common_tables.o)
                0x0801d68c                twiddleCoef_rfft_512
 .rodata.armBitRevIndexTable512
                0x0801de8c      0x380 C:\Users\cwang135\Dropbox (ASU)\cwang135\Documents\EEE404\online\labs_code\project2\audio_spectrum_analyzer\Core\libs\libarm_cortexM4lf_math.a(arm_common_tables.o)
                0x0801de8c                armBitRevIndexTable512
 .rodata.twiddleCoef_rfft_1024
                0x0801e20c     0x1000 C:\Users\cwang135\Dropbox (ASU)\cwang135\Documents\EEE404\online\labs_code\project2\audio_spectrum_analyzer\Core\libs\libarm_cortexM4lf_math.a(arm_common_tables.o)
                0x0801e20c                twiddleCoef_rfft_1024
 .rodata.twiddleCoef_rfft_256
                0x0801f20c      0x400 C:\Users\cwang135\Dropbox (ASU)\cwang135\Documents\EEE404\online\labs_code\project2\audio_spectrum_analyzer\Core\libs\libarm_cortexM4lf_math.a(arm_common_tables.o)
                0x0801f20c                twiddleCoef_rfft_256
 .rodata.armBitRevIndexTable256
                0x0801f60c      0x370 C:\Users\cwang135\Dropbox (ASU)\cwang135\Documents\EEE404\online\labs_code\project2\audio_spectrum_analyzer\Core\libs\libarm_cortexM4lf_math.a(arm_common_tables.o)
                0x0801f60c                armBitRevIndexTable256
 .rodata.twiddleCoef_rfft_128
                0x0801f97c      0x200 C:\Users\cwang135\Dropbox (ASU)\cwang135\Documents\EEE404\online\labs_code\project2\audio_spectrum_analyzer\Core\libs\libarm_cortexM4lf_math.a(arm_common_tables.o)
                0x0801f97c                twiddleCoef_rfft_128
 .rodata.armBitRevIndexTable128
                0x0801fb7c      0x1a0 C:\Users\cwang135\Dropbox (ASU)\cwang135\Documents\EEE404\online\labs_code\project2\audio_spectrum_analyzer\Core\libs\libarm_cortexM4lf_math.a(arm_common_tables.o)
                0x0801fb7c                armBitRevIndexTable128
 .rodata.log10f.str1.1
                0x0801fd1c        0x1 C:/ST/STM32CubeIDE_1.16.0/STM32CubeIDE/plugins/com.st.stm32cube.ide.mcu.externaltools.gnu-tools-for-stm32.12.3.rel1.win32_1.0.200.202406191623/tools/bin/../lib/gcc/arm-none-eabi/12.3.1/../../../../arm-none-eabi/lib/thumb/v7e-m+fp/hard\libm.a(libm_a-wf_log10.o)
                0x0801fd20                        . = ALIGN (0x4)
 *fill*         0x0801fd1d        0x3 

.rel.dyn        0x0801fd20        0x0
 .rel.iplt      0x0801fd20        0x0 C:/ST/STM32CubeIDE_1.16.0/STM32CubeIDE/plugins/com.st.stm32cube.ide.mcu.externaltools.gnu-tools-for-stm32.12.3.rel1.win32_1.0.200.202406191623/tools/bin/../lib/gcc/arm-none-eabi/12.3.1/thumb/v7e-m+fp/hard/crtbegin.o

.ARM.extab      0x0801fd20        0x0
                0x0801fd20                        . = ALIGN (0x4)
 *(.ARM.extab* .gnu.linkonce.armextab.*)
                0x0801fd20                        . = ALIGN (0x4)

.ARM            0x0801fd20        0x0
                0x0801fd20                        . = ALIGN (0x4)
                0x0801fd20                        __exidx_start = .
 *(.ARM.exidx*)
                0x0801fd20                        __exidx_end = .
                0x0801fd20                        . = ALIGN (0x4)

.preinit_array  0x0801fd20        0x0
                0x0801fd20                        . = ALIGN (0x4)
                0x0801fd20                        PROVIDE (__preinit_array_start = .)
 *(.preinit_array*)
                0x0801fd20                        PROVIDE (__preinit_array_end = .)
                0x0801fd20                        . = ALIGN (0x4)

.init_array     0x0801fd20        0x4
                0x0801fd20                        . = ALIGN (0x4)
                0x0801fd20                        PROVIDE (__init_array_start = .)
 *(SORT_BY_NAME(.init_array.*))
 *(.init_array*)
 .init_array    0x0801fd20        0x4 C:/ST/STM32CubeIDE_1.16.0/STM32CubeIDE/plugins/com.st.stm32cube.ide.mcu.externaltools.gnu-tools-for-stm32.12.3.rel1.win32_1.0.200.202406191623/tools/bin/../lib/gcc/arm-none-eabi/12.3.1/thumb/v7e-m+fp/hard/crtbegin.o
                0x0801fd24                        PROVIDE (__init_array_end = .)
                0x0801fd24                        . = ALIGN (0x4)

.fini_array     0x0801fd24        0x4
                0x0801fd24                        . = ALIGN (0x4)
                [!provide]                        PROVIDE (__fini_array_start = .)
 *(SORT_BY_NAME(.fini_array.*))
 *(.fini_array*)
 .fini_array    0x0801fd24        0x4 C:/ST/STM32CubeIDE_1.16.0/STM32CubeIDE/plugins/com.st.stm32cube.ide.mcu.externaltools.gnu-tools-for-stm32.12.3.rel1.win32_1.0.200.202406191623/tools/bin/../lib/gcc/arm-none-eabi/12.3.1/thumb/v7e-m+fp/hard/crtbegin.o
                [!provide]                        PROVIDE (__fini_array_end = .)
                0x0801fd28                        . = ALIGN (0x4)
                0x0801fd28                        _sidata = LOADADDR (.data)

.data           0x20000000      0x3a0 load address 0x0801fd28
                0x20000000                        . = ALIGN (0x4)
                0x20000000                        _sdata = .
 *(.data)
 .data          0x20000000      0x300 C:\Users\cwang135\Dropbox (ASU)\cwang135\Documents\EEE404\online\labs_code\project2\audio_spectrum_analyzer\Core\libs\libPDMFilter_CM4F_GCC.a(pdm_filter.o)
                0x20000000                T2
                0x20000100                T1
                0x20000200                T0
 *(.data*)
 .data.cs43l22_drv
                0x20000300       0x2c ./Core/Src/cs43l22.o
                0x20000300                cs43l22_drv
 .data.Is_cs43l22_Stop
                0x2000032c        0x1 ./Core/Src/cs43l22.o
 *fill*         0x2000032d        0x3 
 .data.sampleRate
                0x20000330        0x4 ./Core/Src/main.o
                0x20000330                sampleRate
 .data.GPIO_PORT
                0x20000334       0x10 ./Core/Src/stm32f4_discovery.o
                0x20000334                GPIO_PORT
 .data.I2cxTimeout
                0x20000344        0x4 ./Core/Src/stm32f4_discovery.o
                0x20000344                I2cxTimeout
 .data.AudioInVolume
                0x20000348        0x2 ./Core/Src/stm32f4_discovery_audio.o
                0x20000348                AudioInVolume
 *fill*         0x2000034a        0x2 
 .data.SystemCoreClock
                0x2000034c        0x4 ./Core/Src/system_stm32f4xx.o
                0x2000034c                SystemCoreClock
 .data._impure_ptr
                0x20000350        0x4 C:/ST/STM32CubeIDE_1.16.0/STM32CubeIDE/plugins/com.st.stm32cube.ide.mcu.externaltools.gnu-tools-for-stm32.12.3.rel1.win32_1.0.200.202406191623/tools/bin/../lib/gcc/arm-none-eabi/12.3.1/../../../../arm-none-eabi/lib/thumb/v7e-m+fp/hard\libc_nano.a(libc_a-impure.o)
                0x20000350                _impure_ptr
 .data._impure_data
                0x20000354       0x4c C:/ST/STM32CubeIDE_1.16.0/STM32CubeIDE/plugins/com.st.stm32cube.ide.mcu.externaltools.gnu-tools-for-stm32.12.3.rel1.win32_1.0.200.202406191623/tools/bin/../lib/gcc/arm-none-eabi/12.3.1/../../../../arm-none-eabi/lib/thumb/v7e-m+fp/hard\libc_nano.a(libc_a-impure.o)
                0x20000354                _impure_data
 *(.RamFunc)
 *(.RamFunc*)
                0x200003a0                        . = ALIGN (0x4)
                0x200003a0                        _edata = .
                0x080200c8                        _siccmram = LOADADDR (.ccmram)

.igot.plt       0x200003a0        0x0 load address 0x080200c8
 .igot.plt      0x200003a0        0x0 C:/ST/STM32CubeIDE_1.16.0/STM32CubeIDE/plugins/com.st.stm32cube.ide.mcu.externaltools.gnu-tools-for-stm32.12.3.rel1.win32_1.0.200.202406191623/tools/bin/../lib/gcc/arm-none-eabi/12.3.1/thumb/v7e-m+fp/hard/crtbegin.o

.ccmram         0x10000000        0x0 load address 0x080200c8
                0x10000000                        . = ALIGN (0x4)
                0x10000000                        _sccmram = .
 *(.ccmram)
 *(.ccmram*)
                0x10000000                        . = ALIGN (0x4)
                0x10000000                        _eccmram = .
                0x10000000                        . = ALIGN (0x4)

.bss            0x200003a0     0x378c
                0x200003a0                        _sbss = .
                0x200003a0                        __bss_start__ = _sbss
 *(.bss)
 .bss           0x200003a0       0x1c C:/ST/STM32CubeIDE_1.16.0/STM32CubeIDE/plugins/com.st.stm32cube.ide.mcu.externaltools.gnu-tools-for-stm32.12.3.rel1.win32_1.0.200.202406191623/tools/bin/../lib/gcc/arm-none-eabi/12.3.1/thumb/v7e-m+fp/hard/crtbegin.o
 .bss           0x200003bc        0x4 C:\Users\cwang135\Dropbox (ASU)\cwang135\Documents\EEE404\online\labs_code\project2\audio_spectrum_analyzer\Core\libs\libPDMFilter_CM4F_GCC.a(pdm_filter.o)
                0x200003bc                stm32_crc
 *(.bss*)
 .bss.OutputDev
                0x200003c0        0x1 ./Core/Src/cs43l22.o
                0x200003c0                OutputDev
 *fill*         0x200003c1        0x3 
 .bss.UartHandle
                0x200003c4       0x3c ./Core/Src/main.o
                0x200003c4                UartHandle
 .bss.UartReadyTx
                0x20000400        0x1 ./Core/Src/main.o
                0x20000400                UartReadyTx
 *fill*         0x20000401        0x3 
 .bss.AudioOutBuffer
                0x20000404     0x1000 ./Core/Src/main.o
                0x20000404                AudioOutBuffer
 .bss.fft_handler
                0x20001404       0x18 ./Core/Src/main.o
                0x20001404                fft_handler
 .bss.I2cHandle
                0x2000141c       0x38 ./Core/Src/stm32f4_discovery.o
 .bss.htim1     0x20001454       0x3c ./Core/Src/stm32f4_discovery_audio.o
                0x20001454                htim1
 .bss.pAudioDrv
                0x20001490        0x4 ./Core/Src/stm32f4_discovery_audio.o
 .bss.hAudioOutI2s
                0x20001494       0x40 ./Core/Src/stm32f4_discovery_audio.o
                0x20001494                hAudioOutI2s
 .bss.hAudioInI2s
                0x200014d4       0x40 ./Core/Src/stm32f4_discovery_audio.o
                0x200014d4                hAudioInI2s
 .bss.Filter    0x20001514       0x68 ./Core/Src/stm32f4_discovery_audio.o
                0x20001514                Filter
 .bss.hdma_i2sTx.1
                0x2000157c       0x50 ./Core/Src/stm32f4_discovery_audio.o
 .bss.hdma_i2sRx.0
                0x200015cc       0x50 ./Core/Src/stm32f4_discovery_audio.o
 .bss.hdma_tx.3
                0x2000161c       0x50 ./Core/Src/stm32f4xx_hal_msp.o
 .bss.hdma_rx.2
                0x2000166c       0x50 ./Core/Src/stm32f4xx_hal_msp.o
 .bss.Buffer_m_i_pointer
                0x200016bc        0x2 ./Core/Src/waverecorder.o
                0x200016bc                Buffer_m_i_pointer
 *fill*         0x200016be        0x2 
 .bss.InternalBuffer
                0x200016c0      0x100 ./Core/Src/waverecorder.o
 .bss.MicrophoneInBuffer
                0x200017c0       0x20 ./Core/Src/waverecorder.o
                0x200017c0                MicrophoneInBuffer
 .bss.Buffer_fft_pointer
                0x200017e0        0x2 ./Core/Src/waverecorder.o
                0x200017e0                Buffer_fft_pointer
 *fill*         0x200017e2        0x2 
 .bss.FFTInBuffer
                0x200017e4     0x1000 ./Core/Src/waverecorder.o
                0x200017e4                FFTInBuffer
 .bss.FFTOutBuffer
                0x200027e4     0x1000 ./Core/Src/waverecorder.o
                0x200027e4                FFTOutBuffer
 .bss.SerialOutBuffer
                0x200037e4      0x201 ./Core/Src/waverecorder.o
                0x200037e4                SerialOutBuffer
 *fill*         0x200039e5        0x1 
 .bss.data_in   0x200039e6        0x2 ./Core/Src/waverecorder.o
                0x200039e6                data_in
 .bss.ldata_out
                0x200039e8        0x2 ./Core/Src/waverecorder.o
                0x200039e8                ldata_out
 .bss.rdata_out
                0x200039ea        0x2 ./Core/Src/waverecorder.o
                0x200039ea                rdata_out
 .bss.Start_stream.0
                0x200039ec        0x1 ./Core/Src/waverecorder.o
 *fill*         0x200039ed        0x3 
 .bss.uwTick    0x200039f0        0x4 ./Drivers/STM32F4xx_HAL_Driver/Src/stm32f4xx_hal.o
 .bss.__sf      0x200039f4      0x138 C:/ST/STM32CubeIDE_1.16.0/STM32CubeIDE/plugins/com.st.stm32cube.ide.mcu.externaltools.gnu-tools-for-stm32.12.3.rel1.win32_1.0.200.202406191623/tools/bin/../lib/gcc/arm-none-eabi/12.3.1/../../../../arm-none-eabi/lib/thumb/v7e-m+fp/hard\libc_nano.a(libc_a-findfp.o)
                0x200039f4                __sf
 *(COMMON)
                0x20003b2c                        . = ALIGN (0x4)
                0x20003b2c                        _ebss = .
                0x20003b2c                        __bss_end__ = _ebss

._user_heap_stack
                0x20003b2c      0x604
                0x20003b30                        . = ALIGN (0x8)
 *fill*         0x20003b2c        0x4 
                [!provide]                        PROVIDE (end = .)
                0x20003b30                        PROVIDE (_end = .)
                0x20003d30                        . = (. + _Min_Heap_Size)
 *fill*         0x20003b30      0x200 
                0x20004130                        . = (. + _Min_Stack_Size)
 *fill*         0x20003d30      0x400 
                0x20004130                        . = ALIGN (0x8)

/DISCARD/
 libc.a(*)
 libm.a(*)
 libgcc.a(*)

.ARM.attributes
                0x00000000       0x30
 *(.ARM.attributes)
 .ARM.attributes
                0x00000000       0x22 C:/ST/STM32CubeIDE_1.16.0/STM32CubeIDE/plugins/com.st.stm32cube.ide.mcu.externaltools.gnu-tools-for-stm32.12.3.rel1.win32_1.0.200.202406191623/tools/bin/../lib/gcc/arm-none-eabi/12.3.1/thumb/v7e-m+fp/hard/crti.o
 .ARM.attributes
                0x00000022       0x34 C:/ST/STM32CubeIDE_1.16.0/STM32CubeIDE/plugins/com.st.stm32cube.ide.mcu.externaltools.gnu-tools-for-stm32.12.3.rel1.win32_1.0.200.202406191623/tools/bin/../lib/gcc/arm-none-eabi/12.3.1/thumb/v7e-m+fp/hard/crtbegin.o
 .ARM.attributes
                0x00000056       0x34 ./Core/Src/cs43l22.o
 .ARM.attributes
                0x0000008a       0x34 ./Core/Src/main.o
 .ARM.attributes
                0x000000be       0x34 ./Core/Src/stm32f4_discovery.o
 .ARM.attributes
                0x000000f2       0x34 ./Core/Src/stm32f4_discovery_audio.o
 .ARM.attributes
                0x00000126       0x34 ./Core/Src/stm32f4xx_hal_msp.o
 .ARM.attributes
                0x0000015a       0x34 ./Core/Src/stm32f4xx_it.o
 .ARM.attributes
                0x0000018e       0x34 ./Core/Src/system_stm32f4xx.o
 .ARM.attributes
                0x000001c2       0x34 ./Core/Src/waveplayer.o
 .ARM.attributes
                0x000001f6       0x34 ./Core/Src/waverecorder.o
 .ARM.attributes
                0x0000022a       0x21 ./Core/Startup/startup_stm32f407vgtx.o
 .ARM.attributes
                0x0000024b       0x34 ./Drivers/STM32F4xx_HAL_Driver/Src/stm32f4xx_hal.o
 .ARM.attributes
                0x0000027f       0x34 ./Drivers/STM32F4xx_HAL_Driver/Src/stm32f4xx_hal_cortex.o
 .ARM.attributes
                0x000002b3       0x34 ./Drivers/STM32F4xx_HAL_Driver/Src/stm32f4xx_hal_dma.o
 .ARM.attributes
                0x000002e7       0x34 ./Drivers/STM32F4xx_HAL_Driver/Src/stm32f4xx_hal_gpio.o
 .ARM.attributes
                0x0000031b       0x34 ./Drivers/STM32F4xx_HAL_Driver/Src/stm32f4xx_hal_i2c.o
 .ARM.attributes
                0x0000034f       0x34 ./Drivers/STM32F4xx_HAL_Driver/Src/stm32f4xx_hal_i2s.o
 .ARM.attributes
                0x00000383       0x34 ./Drivers/STM32F4xx_HAL_Driver/Src/stm32f4xx_hal_msp_template.o
 .ARM.attributes
                0x000003b7       0x34 ./Drivers/STM32F4xx_HAL_Driver/Src/stm32f4xx_hal_rcc.o
 .ARM.attributes
                0x000003eb       0x34 ./Drivers/STM32F4xx_HAL_Driver/Src/stm32f4xx_hal_rcc_ex.o
 .ARM.attributes
                0x0000041f       0x34 ./Drivers/STM32F4xx_HAL_Driver/Src/stm32f4xx_hal_tim.o
 .ARM.attributes
                0x00000453       0x34 ./Drivers/STM32F4xx_HAL_Driver/Src/stm32f4xx_hal_tim_ex.o
 .ARM.attributes
                0x00000487       0x34 ./Drivers/STM32F4xx_HAL_Driver/Src/stm32f4xx_hal_uart.o
 .ARM.attributes
                0x000004bb       0x3b C:\Users\cwang135\Dropbox (ASU)\cwang135\Documents\EEE404\online\labs_code\project2\audio_spectrum_analyzer\Core\libs\libPDMFilter_CM4F_GCC.a(pdm_filter.o)
 .ARM.attributes
                0x000004f6       0x39 C:\Users\cwang135\Dropbox (ASU)\cwang135\Documents\EEE404\online\labs_code\project2\audio_spectrum_analyzer\Core\libs\libarm_cortexM4lf_math.a(arm_rfft_fast_init_f32.o)
 .ARM.attributes
                0x0000052f       0x39 C:\Users\cwang135\Dropbox (ASU)\cwang135\Documents\EEE404\online\labs_code\project2\audio_spectrum_analyzer\Core\libs\libarm_cortexM4lf_math.a(arm_rfft_fast_f32.o)
 .ARM.attributes
                0x00000568       0x39 C:\Users\cwang135\Dropbox (ASU)\cwang135\Documents\EEE404\online\labs_code\project2\audio_spectrum_analyzer\Core\libs\libarm_cortexM4lf_math.a(arm_cfft_f32.o)
 .ARM.attributes
                0x000005a1       0x39 C:\Users\cwang135\Dropbox (ASU)\cwang135\Documents\EEE404\online\labs_code\project2\audio_spectrum_analyzer\Core\libs\libarm_cortexM4lf_math.a(arm_common_tables.o)
 .ARM.attributes
                0x000005da       0x25 C:\Users\cwang135\Dropbox (ASU)\cwang135\Documents\EEE404\online\labs_code\project2\audio_spectrum_analyzer\Core\libs\libarm_cortexM4lf_math.a(arm_bitreversal2.o)
 .ARM.attributes
                0x000005ff       0x39 C:\Users\cwang135\Dropbox (ASU)\cwang135\Documents\EEE404\online\labs_code\project2\audio_spectrum_analyzer\Core\libs\libarm_cortexM4lf_math.a(arm_cfft_radix8_f32.o)
 .ARM.attributes
                0x00000638       0x34 C:/ST/STM32CubeIDE_1.16.0/STM32CubeIDE/plugins/com.st.stm32cube.ide.mcu.externaltools.gnu-tools-for-stm32.12.3.rel1.win32_1.0.200.202406191623/tools/bin/../lib/gcc/arm-none-eabi/12.3.1/../../../../arm-none-eabi/lib/thumb/v7e-m+fp/hard\libc_nano.a(libc_a-findfp.o)
 .ARM.attributes
                0x0000066c       0x34 C:/ST/STM32CubeIDE_1.16.0/STM32CubeIDE/plugins/com.st.stm32cube.ide.mcu.externaltools.gnu-tools-for-stm32.12.3.rel1.win32_1.0.200.202406191623/tools/bin/../lib/gcc/arm-none-eabi/12.3.1/../../../../arm-none-eabi/lib/thumb/v7e-m+fp/hard\libc_nano.a(libc_a-impure.o)
 .ARM.attributes
                0x000006a0       0x34 C:/ST/STM32CubeIDE_1.16.0/STM32CubeIDE/plugins/com.st.stm32cube.ide.mcu.externaltools.gnu-tools-for-stm32.12.3.rel1.win32_1.0.200.202406191623/tools/bin/../lib/gcc/arm-none-eabi/12.3.1/../../../../arm-none-eabi/lib/thumb/v7e-m+fp/hard\libc_nano.a(libc_a-errno.o)
 .ARM.attributes
                0x000006d4       0x34 C:/ST/STM32CubeIDE_1.16.0/STM32CubeIDE/plugins/com.st.stm32cube.ide.mcu.externaltools.gnu-tools-for-stm32.12.3.rel1.win32_1.0.200.202406191623/tools/bin/../lib/gcc/arm-none-eabi/12.3.1/../../../../arm-none-eabi/lib/thumb/v7e-m+fp/hard\libc_nano.a(libc_a-init.o)
 .ARM.attributes
                0x00000708       0x34 C:/ST/STM32CubeIDE_1.16.0/STM32CubeIDE/plugins/com.st.stm32cube.ide.mcu.externaltools.gnu-tools-for-stm32.12.3.rel1.win32_1.0.200.202406191623/tools/bin/../lib/gcc/arm-none-eabi/12.3.1/../../../../arm-none-eabi/lib/thumb/v7e-m+fp/hard\libm.a(libm_a-wf_log10.o)
 .ARM.attributes
                0x0000073c       0x34 C:/ST/STM32CubeIDE_1.16.0/STM32CubeIDE/plugins/com.st.stm32cube.ide.mcu.externaltools.gnu-tools-for-stm32.12.3.rel1.win32_1.0.200.202406191623/tools/bin/../lib/gcc/arm-none-eabi/12.3.1/../../../../arm-none-eabi/lib/thumb/v7e-m+fp/hard\libm.a(libm_a-sf_nan.o)
 .ARM.attributes
                0x00000770       0x34 C:/ST/STM32CubeIDE_1.16.0/STM32CubeIDE/plugins/com.st.stm32cube.ide.mcu.externaltools.gnu-tools-for-stm32.12.3.rel1.win32_1.0.200.202406191623/tools/bin/../lib/gcc/arm-none-eabi/12.3.1/../../../../arm-none-eabi/lib/thumb/v7e-m+fp/hard\libm.a(libm_a-ef_log10.o)
 .ARM.attributes
                0x000007a4       0x34 C:/ST/STM32CubeIDE_1.16.0/STM32CubeIDE/plugins/com.st.stm32cube.ide.mcu.externaltools.gnu-tools-for-stm32.12.3.rel1.win32_1.0.200.202406191623/tools/bin/../lib/gcc/arm-none-eabi/12.3.1/../../../../arm-none-eabi/lib/thumb/v7e-m+fp/hard\libm.a(libm_a-ef_log.o)
 .ARM.attributes
                0x000007d8       0x22 C:/ST/STM32CubeIDE_1.16.0/STM32CubeIDE/plugins/com.st.stm32cube.ide.mcu.externaltools.gnu-tools-for-stm32.12.3.rel1.win32_1.0.200.202406191623/tools/bin/../lib/gcc/arm-none-eabi/12.3.1/thumb/v7e-m+fp/hard\libgcc.a(_arm_addsubdf3.o)
 .ARM.attributes
                0x000007fa       0x22 C:/ST/STM32CubeIDE_1.16.0/STM32CubeIDE/plugins/com.st.stm32cube.ide.mcu.externaltools.gnu-tools-for-stm32.12.3.rel1.win32_1.0.200.202406191623/tools/bin/../lib/gcc/arm-none-eabi/12.3.1/thumb/v7e-m+fp/hard\libgcc.a(_arm_muldivdf3.o)
 .ARM.attributes
                0x0000081c       0x22 C:/ST/STM32CubeIDE_1.16.0/STM32CubeIDE/plugins/com.st.stm32cube.ide.mcu.externaltools.gnu-tools-for-stm32.12.3.rel1.win32_1.0.200.202406191623/tools/bin/../lib/gcc/arm-none-eabi/12.3.1/thumb/v7e-m+fp/hard\libgcc.a(_arm_fixunsdfsi.o)
 .ARM.attributes
                0x0000083e       0x22 C:/ST/STM32CubeIDE_1.16.0/STM32CubeIDE/plugins/com.st.stm32cube.ide.mcu.externaltools.gnu-tools-for-stm32.12.3.rel1.win32_1.0.200.202406191623/tools/bin/../lib/gcc/arm-none-eabi/12.3.1/thumb/v7e-m+fp/hard/crtn.o
OUTPUT(audio_spectrum_analyzer.elf elf32-littlearm)
LOAD linker stubs
LOAD C:/ST/STM32CubeIDE_1.16.0/STM32CubeIDE/plugins/com.st.stm32cube.ide.mcu.externaltools.gnu-tools-for-stm32.12.3.rel1.win32_1.0.200.202406191623/tools/bin/../lib/gcc/arm-none-eabi/12.3.1/../../../../arm-none-eabi/lib/thumb/v7e-m+fp/hard\libc.a
LOAD C:/ST/STM32CubeIDE_1.16.0/STM32CubeIDE/plugins/com.st.stm32cube.ide.mcu.externaltools.gnu-tools-for-stm32.12.3.rel1.win32_1.0.200.202406191623/tools/bin/../lib/gcc/arm-none-eabi/12.3.1/../../../../arm-none-eabi/lib/thumb/v7e-m+fp/hard\libm.a
LOAD C:/ST/STM32CubeIDE_1.16.0/STM32CubeIDE/plugins/com.st.stm32cube.ide.mcu.externaltools.gnu-tools-for-stm32.12.3.rel1.win32_1.0.200.202406191623/tools/bin/../lib/gcc/arm-none-eabi/12.3.1/thumb/v7e-m+fp/hard\libgcc.a

.debug_info     0x00000000    0x11cd2
 .debug_info    0x00000000      0x569 ./Core/Src/cs43l22.o
 .debug_info    0x00000569      0xe38 ./Core/Src/main.o
 .debug_info    0x000013a1     0x1465 ./Core/Src/stm32f4_discovery.o
 .debug_info    0x00002806     0x19a8 ./Core/Src/stm32f4_discovery_audio.o
 .debug_info    0x000041ae      0xb7a ./Core/Src/stm32f4xx_hal_msp.o
 .debug_info    0x00004d28      0x937 ./Core/Src/stm32f4xx_it.o
 .debug_info    0x0000565f      0x4df ./Core/Src/system_stm32f4xx.o
 .debug_info    0x00005b3e       0xbd ./Core/Src/waveplayer.o
 .debug_info    0x00005bfb      0xa32 ./Core/Src/waverecorder.o
 .debug_info    0x0000662d       0x30 ./Core/Startup/startup_stm32f407vgtx.o
 .debug_info    0x0000665d      0x4cc ./Drivers/STM32F4xx_HAL_Driver/Src/stm32f4xx_hal.o
 .debug_info    0x00006b29      0xb5f ./Drivers/STM32F4xx_HAL_Driver/Src/stm32f4xx_hal_cortex.o
 .debug_info    0x00007688      0x61a ./Drivers/STM32F4xx_HAL_Driver/Src/stm32f4xx_hal_dma.o
 .debug_info    0x00007ca2      0x614 ./Drivers/STM32F4xx_HAL_Driver/Src/stm32f4xx_hal_gpio.o
 .debug_info    0x000082b6     0x156a ./Drivers/STM32F4xx_HAL_Driver/Src/stm32f4xx_hal_i2c.o
 .debug_info    0x00009820      0xea2 ./Drivers/STM32F4xx_HAL_Driver/Src/stm32f4xx_hal_i2s.o
 .debug_info    0x0000a6c2       0xb1 ./Drivers/STM32F4xx_HAL_Driver/Src/stm32f4xx_hal_msp_template.o
 .debug_info    0x0000a773     0x107c ./Drivers/STM32F4xx_HAL_Driver/Src/stm32f4xx_hal_rcc.o
 .debug_info    0x0000b7ef      0x463 ./Drivers/STM32F4xx_HAL_Driver/Src/stm32f4xx_hal_rcc_ex.o
 .debug_info    0x0000bc52     0x2138 ./Drivers/STM32F4xx_HAL_Driver/Src/stm32f4xx_hal_tim.o
 .debug_info    0x0000dd8a      0xfde ./Drivers/STM32F4xx_HAL_Driver/Src/stm32f4xx_hal_tim_ex.o
 .debug_info    0x0000ed68      0xe86 ./Drivers/STM32F4xx_HAL_Driver/Src/stm32f4xx_hal_uart.o
 .debug_info    0x0000fbee      0x4c3 C:\Users\cwang135\Dropbox (ASU)\cwang135\Documents\EEE404\online\labs_code\project2\audio_spectrum_analyzer\Core\libs\libarm_cortexM4lf_math.a(arm_rfft_fast_init_f32.o)
 .debug_info    0x000100b1      0x72d C:\Users\cwang135\Dropbox (ASU)\cwang135\Documents\EEE404\online\labs_code\project2\audio_spectrum_analyzer\Core\libs\libarm_cortexM4lf_math.a(arm_rfft_fast_f32.o)
 .debug_info    0x000107de      0x6b9 C:\Users\cwang135\Dropbox (ASU)\cwang135\Documents\EEE404\online\labs_code\project2\audio_spectrum_analyzer\Core\libs\libarm_cortexM4lf_math.a(arm_cfft_f32.o)
 .debug_info    0x00010e97      0x99d C:\Users\cwang135\Dropbox (ASU)\cwang135\Documents\EEE404\online\labs_code\project2\audio_spectrum_analyzer\Core\libs\libarm_cortexM4lf_math.a(arm_common_tables.o)
 .debug_info    0x00011834       0x85 C:\Users\cwang135\Dropbox (ASU)\cwang135\Documents\EEE404\online\labs_code\project2\audio_spectrum_analyzer\Core\libs\libarm_cortexM4lf_math.a(arm_bitreversal2.o)
 .debug_info    0x000118b9      0x419 C:\Users\cwang135\Dropbox (ASU)\cwang135\Documents\EEE404\online\labs_code\project2\audio_spectrum_analyzer\Core\libs\libarm_cortexM4lf_math.a(arm_cfft_radix8_f32.o)

.debug_abbrev   0x00000000     0x3038
 .debug_abbrev  0x00000000      0x1df ./Core/Src/cs43l22.o
 .debug_abbrev  0x000001df      0x26f ./Core/Src/main.o
 .debug_abbrev  0x0000044e      0x2a3 ./Core/Src/stm32f4_discovery.o
 .debug_abbrev  0x000006f1      0x31a ./Core/Src/stm32f4_discovery_audio.o
 .debug_abbrev  0x00000a0b      0x1ae ./Core/Src/stm32f4xx_hal_msp.o
 .debug_abbrev  0x00000bb9      0x19a ./Core/Src/stm32f4xx_it.o
 .debug_abbrev  0x00000d53      0x12b ./Core/Src/system_stm32f4xx.o
 .debug_abbrev  0x00000e7e       0x47 ./Core/Src/waveplayer.o
 .debug_abbrev  0x00000ec5      0x281 ./Core/Src/waverecorder.o
 .debug_abbrev  0x00001146       0x24 ./Core/Startup/startup_stm32f407vgtx.o
 .debug_abbrev  0x0000116a      0x1ab ./Drivers/STM32F4xx_HAL_Driver/Src/stm32f4xx_hal.o
 .debug_abbrev  0x00001315      0x2db ./Drivers/STM32F4xx_HAL_Driver/Src/stm32f4xx_hal_cortex.o
 .debug_abbrev  0x000015f0      0x1fd ./Drivers/STM32F4xx_HAL_Driver/Src/stm32f4xx_hal_dma.o
 .debug_abbrev  0x000017ed      0x1ca ./Drivers/STM32F4xx_HAL_Driver/Src/stm32f4xx_hal_gpio.o
 .debug_abbrev  0x000019b7      0x261 ./Drivers/STM32F4xx_HAL_Driver/Src/stm32f4xx_hal_i2c.o
 .debug_abbrev  0x00001c18      0x275 ./Drivers/STM32F4xx_HAL_Driver/Src/stm32f4xx_hal_i2s.o
 .debug_abbrev  0x00001e8d       0x47 ./Drivers/STM32F4xx_HAL_Driver/Src/stm32f4xx_hal_msp_template.o
 .debug_abbrev  0x00001ed4      0x302 ./Drivers/STM32F4xx_HAL_Driver/Src/stm32f4xx_hal_rcc.o
 .debug_abbrev  0x000021d6      0x1cb ./Drivers/STM32F4xx_HAL_Driver/Src/stm32f4xx_hal_rcc_ex.o
 .debug_abbrev  0x000023a1      0x282 ./Drivers/STM32F4xx_HAL_Driver/Src/stm32f4xx_hal_tim.o
 .debug_abbrev  0x00002623      0x26d ./Drivers/STM32F4xx_HAL_Driver/Src/stm32f4xx_hal_tim_ex.o
 .debug_abbrev  0x00002890      0x258 ./Drivers/STM32F4xx_HAL_Driver/Src/stm32f4xx_hal_uart.o
 .debug_abbrev  0x00002ae8       0xfd C:\Users\cwang135\Dropbox (ASU)\cwang135\Documents\EEE404\online\labs_code\project2\audio_spectrum_analyzer\Core\libs\libarm_cortexM4lf_math.a(arm_rfft_fast_init_f32.o)
 .debug_abbrev  0x00002be5      0x188 C:\Users\cwang135\Dropbox (ASU)\cwang135\Documents\EEE404\online\labs_code\project2\audio_spectrum_analyzer\Core\libs\libarm_cortexM4lf_math.a(arm_rfft_fast_f32.o)
 .debug_abbrev  0x00002d6d      0x18b C:\Users\cwang135\Dropbox (ASU)\cwang135\Documents\EEE404\online\labs_code\project2\audio_spectrum_analyzer\Core\libs\libarm_cortexM4lf_math.a(arm_cfft_f32.o)
 .debug_abbrev  0x00002ef8       0x84 C:\Users\cwang135\Dropbox (ASU)\cwang135\Documents\EEE404\online\labs_code\project2\audio_spectrum_analyzer\Core\libs\libarm_cortexM4lf_math.a(arm_common_tables.o)
 .debug_abbrev  0x00002f7c       0x14 C:\Users\cwang135\Dropbox (ASU)\cwang135\Documents\EEE404\online\labs_code\project2\audio_spectrum_analyzer\Core\libs\libarm_cortexM4lf_math.a(arm_bitreversal2.o)
 .debug_abbrev  0x00002f90       0xa8 C:\Users\cwang135\Dropbox (ASU)\cwang135\Documents\EEE404\online\labs_code\project2\audio_spectrum_analyzer\Core\libs\libarm_cortexM4lf_math.a(arm_cfft_radix8_f32.o)

.debug_aranges  0x00000000     0x1140
 .debug_aranges
                0x00000000       0x70 ./Core/Src/cs43l22.o
 .debug_aranges
                0x00000070       0x38 ./Core/Src/main.o
 .debug_aranges
                0x000000a8       0xd0 ./Core/Src/stm32f4_discovery.o
 .debug_aranges
                0x00000178      0x130 ./Core/Src/stm32f4_discovery_audio.o
 .debug_aranges
                0x000002a8       0x28 ./Core/Src/stm32f4xx_hal_msp.o
 .debug_aranges
                0x000002d0       0xa8 ./Core/Src/stm32f4xx_it.o
 .debug_aranges
                0x00000378       0x28 ./Core/Src/system_stm32f4xx.o
 .debug_aranges
                0x000003a0       0x30 ./Core/Src/waveplayer.o
 .debug_aranges
                0x000003d0       0x50 ./Core/Src/waverecorder.o
 .debug_aranges
                0x00000420       0x28 ./Core/Startup/startup_stm32f407vgtx.o
 .debug_aranges
                0x00000448       0xa8 ./Drivers/STM32F4xx_HAL_Driver/Src/stm32f4xx_hal.o
 .debug_aranges
                0x000004f0      0x100 ./Drivers/STM32F4xx_HAL_Driver/Src/stm32f4xx_hal_cortex.o
 .debug_aranges
                0x000005f0       0x68 ./Drivers/STM32F4xx_HAL_Driver/Src/stm32f4xx_hal_dma.o
 .debug_aranges
                0x00000658       0x50 ./Drivers/STM32F4xx_HAL_Driver/Src/stm32f4xx_hal_gpio.o
 .debug_aranges
                0x000006a8      0x1e8 ./Drivers/STM32F4xx_HAL_Driver/Src/stm32f4xx_hal_i2c.o
 .debug_aranges
                0x00000890      0x100 ./Drivers/STM32F4xx_HAL_Driver/Src/stm32f4xx_hal_i2s.o
 .debug_aranges
                0x00000990       0x38 ./Drivers/STM32F4xx_HAL_Driver/Src/stm32f4xx_hal_msp_template.o
 .debug_aranges
                0x000009c8       0x98 ./Drivers/STM32F4xx_HAL_Driver/Src/stm32f4xx_hal_rcc.o
 .debug_aranges
                0x00000a60       0x28 ./Drivers/STM32F4xx_HAL_Driver/Src/stm32f4xx_hal_rcc_ex.o
 .debug_aranges
                0x00000a88      0x358 ./Drivers/STM32F4xx_HAL_Driver/Src/stm32f4xx_hal_tim.o
 .debug_aranges
                0x00000de0      0x140 ./Drivers/STM32F4xx_HAL_Driver/Src/stm32f4xx_hal_tim_ex.o
 .debug_aranges
                0x00000f20      0x148 ./Drivers/STM32F4xx_HAL_Driver/Src/stm32f4xx_hal_uart.o
 .debug_aranges
                0x00001068       0x20 C:\Users\cwang135\Dropbox (ASU)\cwang135\Documents\EEE404\online\labs_code\project2\audio_spectrum_analyzer\Core\libs\libarm_cortexM4lf_math.a(arm_rfft_fast_init_f32.o)
 .debug_aranges
                0x00001088       0x30 C:\Users\cwang135\Dropbox (ASU)\cwang135\Documents\EEE404\online\labs_code\project2\audio_spectrum_analyzer\Core\libs\libarm_cortexM4lf_math.a(arm_rfft_fast_f32.o)
 .debug_aranges
                0x000010b8       0x30 C:\Users\cwang135\Dropbox (ASU)\cwang135\Documents\EEE404\online\labs_code\project2\audio_spectrum_analyzer\Core\libs\libarm_cortexM4lf_math.a(arm_cfft_f32.o)
 .debug_aranges
                0x000010e8       0x18 C:\Users\cwang135\Dropbox (ASU)\cwang135\Documents\EEE404\online\labs_code\project2\audio_spectrum_analyzer\Core\libs\libarm_cortexM4lf_math.a(arm_common_tables.o)
 .debug_aranges
                0x00001100       0x20 C:\Users\cwang135\Dropbox (ASU)\cwang135\Documents\EEE404\online\labs_code\project2\audio_spectrum_analyzer\Core\libs\libarm_cortexM4lf_math.a(arm_bitreversal2.o)
 .debug_aranges
                0x00001120       0x20 C:\Users\cwang135\Dropbox (ASU)\cwang135\Documents\EEE404\online\labs_code\project2\audio_spectrum_analyzer\Core\libs\libarm_cortexM4lf_math.a(arm_cfft_radix8_f32.o)

.debug_rnglists
                0x00000000      0xc84
 .debug_rnglists
                0x00000000       0x52 ./Core/Src/cs43l22.o
 .debug_rnglists
                0x00000052       0x27 ./Core/Src/main.o
 .debug_rnglists
                0x00000079       0x9a ./Core/Src/stm32f4_discovery.o
 .debug_rnglists
                0x00000113       0xe6 ./Core/Src/stm32f4_discovery_audio.o
 .debug_rnglists
                0x000001f9       0x1a ./Core/Src/stm32f4xx_hal_msp.o
 .debug_rnglists
                0x00000213       0x79 ./Core/Src/stm32f4xx_it.o
 .debug_rnglists
                0x0000028c       0x1a ./Core/Src/system_stm32f4xx.o
 .debug_rnglists
                0x000002a6       0x1f ./Core/Src/waveplayer.o
 .debug_rnglists
                0x000002c5       0x38 ./Core/Src/waverecorder.o
 .debug_rnglists
                0x000002fd       0x19 ./Core/Startup/startup_stm32f407vgtx.o
 .debug_rnglists
                0x00000316       0x79 ./Drivers/STM32F4xx_HAL_Driver/Src/stm32f4xx_hal.o
 .debug_rnglists
                0x0000038f       0xbb ./Drivers/STM32F4xx_HAL_Driver/Src/stm32f4xx_hal_cortex.o
 .debug_rnglists
                0x0000044a       0x4e ./Drivers/STM32F4xx_HAL_Driver/Src/stm32f4xx_hal_dma.o
 .debug_rnglists
                0x00000498       0x39 ./Drivers/STM32F4xx_HAL_Driver/Src/stm32f4xx_hal_gpio.o
 .debug_rnglists
                0x000004d1      0x190 ./Drivers/STM32F4xx_HAL_Driver/Src/stm32f4xx_hal_i2c.o
 .debug_rnglists
                0x00000661       0xcb ./Drivers/STM32F4xx_HAL_Driver/Src/stm32f4xx_hal_i2s.o
 .debug_rnglists
                0x0000072c       0x25 ./Drivers/STM32F4xx_HAL_Driver/Src/stm32f4xx_hal_msp_template.o
 .debug_rnglists
                0x00000751       0x72 ./Drivers/STM32F4xx_HAL_Driver/Src/stm32f4xx_hal_rcc.o
 .debug_rnglists
                0x000007c3       0x1b ./Drivers/STM32F4xx_HAL_Driver/Src/stm32f4xx_hal_rcc_ex.o
 .debug_rnglists
                0x000007de      0x2a6 ./Drivers/STM32F4xx_HAL_Driver/Src/stm32f4xx_hal_tim.o
 .debug_rnglists
                0x00000a84       0xfd ./Drivers/STM32F4xx_HAL_Driver/Src/stm32f4xx_hal_tim_ex.o
 .debug_rnglists
                0x00000b81      0x103 ./Drivers/STM32F4xx_HAL_Driver/Src/stm32f4xx_hal_uart.o

.debug_macro    0x00000000    0x12638
 .debug_macro   0x00000000       0x81 ./Core/Src/cs43l22.o
 .debug_macro   0x00000081      0xab4 ./Core/Src/cs43l22.o
 .debug_macro   0x00000b35       0x22 ./Core/Src/cs43l22.o
 .debug_macro   0x00000b57       0x8e ./Core/Src/cs43l22.o
 .debug_macro   0x00000be5       0x51 ./Core/Src/cs43l22.o
 .debug_macro   0x00000c36      0x103 ./Core/Src/cs43l22.o
 .debug_macro   0x00000d39       0x6a ./Core/Src/cs43l22.o
 .debug_macro   0x00000da3      0x1df ./Core/Src/cs43l22.o
 .debug_macro   0x00000f82       0x10 ./Core/Src/cs43l22.o
 .debug_macro   0x00000f92       0x6a ./Core/Src/cs43l22.o
 .debug_macro   0x00000ffc      0x387 ./Core/Src/main.o
 .debug_macro   0x00001383       0x5b ./Core/Src/main.o
 .debug_macro   0x000013de       0x2a ./Core/Src/main.o
 .debug_macro   0x00001408       0x94 ./Core/Src/main.o
 .debug_macro   0x0000149c       0x43 ./Core/Src/main.o
 .debug_macro   0x000014df       0x34 ./Core/Src/main.o
 .debug_macro   0x00001513       0x16 ./Core/Src/main.o
 .debug_macro   0x00001529       0x57 ./Core/Src/main.o
 .debug_macro   0x00001580       0x9e ./Core/Src/main.o
 .debug_macro   0x0000161e      0x369 ./Core/Src/main.o
 .debug_macro   0x00001987      0x10b ./Core/Src/main.o
 .debug_macro   0x00001a92       0x10 ./Core/Src/main.o
 .debug_macro   0x00001aa2       0x16 ./Core/Src/main.o
 .debug_macro   0x00001ab8       0x43 ./Core/Src/main.o
 .debug_macro   0x00001afb       0x34 ./Core/Src/main.o
 .debug_macro   0x00001b2f       0x10 ./Core/Src/main.o
 .debug_macro   0x00001b3f       0x58 ./Core/Src/main.o
 .debug_macro   0x00001b97       0x8e ./Core/Src/main.o
 .debug_macro   0x00001c25       0x1c ./Core/Src/main.o
 .debug_macro   0x00001c41      0x177 ./Core/Src/main.o
 .debug_macro   0x00001db8       0x16 ./Core/Src/main.o
 .debug_macro   0x00001dce       0x16 ./Core/Src/main.o
 .debug_macro   0x00001de4      0x146 ./Core/Src/main.o
 .debug_macro   0x00001f2a      0x1ab ./Core/Src/main.o
 .debug_macro   0x000020d5       0x2e ./Core/Src/main.o
 .debug_macro   0x00002103       0x28 ./Core/Src/main.o
 .debug_macro   0x0000212b       0x1c ./Core/Src/main.o
 .debug_macro   0x00002147       0x22 ./Core/Src/main.o
 .debug_macro   0x00002169       0xd9 ./Core/Src/main.o
 .debug_macro   0x00002242     0x102d ./Core/Src/main.o
 .debug_macro   0x0000326f      0x11f ./Core/Src/main.o
 .debug_macro   0x0000338e     0x8f1b ./Core/Src/main.o
 .debug_macro   0x0000c2a9       0x6d ./Core/Src/main.o
 .debug_macro   0x0000c316       0x3a ./Core/Src/main.o
 .debug_macro   0x0000c350      0xb80 ./Core/Src/main.o
 .debug_macro   0x0000ced0      0x40f ./Core/Src/main.o
 .debug_macro   0x0000d2df      0x138 ./Core/Src/main.o
 .debug_macro   0x0000d417      0x137 ./Core/Src/main.o
 .debug_macro   0x0000d54e      0x2c6 ./Core/Src/main.o
 .debug_macro   0x0000d814       0x52 ./Core/Src/main.o
 .debug_macro   0x0000d866      0x132 ./Core/Src/main.o
 .debug_macro   0x0000d998      0x217 ./Core/Src/main.o
 .debug_macro   0x0000dbaf      0x1df ./Core/Src/main.o
 .debug_macro   0x0000dd8e      0x1a0 ./Core/Src/main.o
 .debug_macro   0x0000df2e      0x17f ./Core/Src/main.o
 .debug_macro   0x0000e0ad      0x1ca ./Core/Src/main.o
 .debug_macro   0x0000e277      0x822 ./Core/Src/main.o
 .debug_macro   0x0000ea99       0x4d ./Core/Src/main.o
 .debug_macro   0x0000eae6      0x1ed ./Core/Src/main.o
 .debug_macro   0x0000ecd3      0x1df ./Core/Src/main.o
 .debug_macro   0x0000eeb2       0x82 ./Core/Src/main.o
 .debug_macro   0x0000ef34      0x125 ./Core/Src/main.o
 .debug_macro   0x0000f059      0x1e9 ./Core/Src/main.o
 .debug_macro   0x0000f242       0x16 ./Core/Src/main.o
 .debug_macro   0x0000f258       0x10 ./Core/Src/main.o
 .debug_macro   0x0000f268      0x16c ./Core/Src/main.o
 .debug_macro   0x0000f3d4       0x1c ./Core/Src/main.o
 .debug_macro   0x0000f3f0       0x12 ./Core/Src/main.o
 .debug_macro   0x0000f402       0x16 ./Core/Src/main.o
 .debug_macro   0x0000f418       0x35 ./Core/Src/main.o
 .debug_macro   0x0000f44d       0x20 ./Core/Src/main.o
 .debug_macro   0x0000f46d      0x19b ./Core/Src/main.o
 .debug_macro   0x0000f608       0xd6 ./Core/Src/main.o
 .debug_macro   0x0000f6de       0xe8 ./Core/Src/main.o
 .debug_macro   0x0000f7c6      0x20f ./Core/Src/stm32f4_discovery.o
 .debug_macro   0x0000f9d5       0x46 ./Core/Src/stm32f4_discovery.o
 .debug_macro   0x0000fa1b      0x1e3 ./Core/Src/stm32f4_discovery.o
 .debug_macro   0x0000fbfe      0x228 ./Core/Src/stm32f4_discovery_audio.o
 .debug_macro   0x0000fe26      0x387 ./Core/Src/stm32f4xx_hal_msp.o
 .debug_macro   0x000101ad      0x38d ./Core/Src/stm32f4xx_it.o
 .debug_macro   0x0001053a       0x61 ./Core/Src/stm32f4xx_it.o
 .debug_macro   0x0001059b      0x1e8 ./Core/Src/system_stm32f4xx.o
 .debug_macro   0x00010783      0x387 ./Core/Src/waveplayer.o
 .debug_macro   0x00010b0a      0x39b ./Core/Src/waverecorder.o
 .debug_macro   0x00010ea5      0x230 ./Drivers/STM32F4xx_HAL_Driver/Src/stm32f4xx_hal.o
 .debug_macro   0x000110d5      0x1e2 ./Drivers/STM32F4xx_HAL_Driver/Src/stm32f4xx_hal_cortex.o
 .debug_macro   0x000112b7      0x1e9 ./Drivers/STM32F4xx_HAL_Driver/Src/stm32f4xx_hal_dma.o
 .debug_macro   0x000114a0      0x221 ./Drivers/STM32F4xx_HAL_Driver/Src/stm32f4xx_hal_gpio.o
 .debug_macro   0x000116c1      0x1f1 ./Drivers/STM32F4xx_HAL_Driver/Src/stm32f4xx_hal_i2c.o
 .debug_macro   0x000118b2      0x1e3 ./Drivers/STM32F4xx_HAL_Driver/Src/stm32f4xx_hal_i2s.o
 .debug_macro   0x00011a95      0x1e2 ./Drivers/STM32F4xx_HAL_Driver/Src/stm32f4xx_hal_msp_template.o
 .debug_macro   0x00011c77      0x224 ./Drivers/STM32F4xx_HAL_Driver/Src/stm32f4xx_hal_rcc.o
 .debug_macro   0x00011e9b      0x1ee ./Drivers/STM32F4xx_HAL_Driver/Src/stm32f4xx_hal_rcc_ex.o
 .debug_macro   0x00012089      0x1e3 ./Drivers/STM32F4xx_HAL_Driver/Src/stm32f4xx_hal_tim.o
 .debug_macro   0x0001226c      0x1e2 ./Drivers/STM32F4xx_HAL_Driver/Src/stm32f4xx_hal_tim_ex.o
 .debug_macro   0x0001244e      0x1ea ./Drivers/STM32F4xx_HAL_Driver/Src/stm32f4xx_hal_uart.o

.debug_line     0x00000000    0x18af9
 .debug_line    0x00000000      0x6aa ./Core/Src/cs43l22.o
 .debug_line    0x000006aa      0xa3b ./Core/Src/main.o
 .debug_line    0x000010e5      0xb00 ./Core/Src/stm32f4_discovery.o
 .debug_line    0x00001be5      0xd91 ./Core/Src/stm32f4_discovery_audio.o
 .debug_line    0x00002976      0xa06 ./Core/Src/stm32f4xx_hal_msp.o
 .debug_line    0x0000337c      0xb1b ./Core/Src/stm32f4xx_it.o
 .debug_line    0x00003e97      0x81a ./Core/Src/system_stm32f4xx.o
 .debug_line    0x000046b1      0x9c5 ./Core/Src/waveplayer.o
 .debug_line    0x00005076      0xb93 ./Core/Src/waverecorder.o
 .debug_line    0x00005c09       0x7a ./Core/Startup/startup_stm32f407vgtx.o
 .debug_line    0x00005c83      0x940 ./Drivers/STM32F4xx_HAL_Driver/Src/stm32f4xx_hal.o
 .debug_line    0x000065c3      0xc06 ./Drivers/STM32F4xx_HAL_Driver/Src/stm32f4xx_hal_cortex.o
 .debug_line    0x000071c9     0x4c37 ./Drivers/STM32F4xx_HAL_Driver/Src/stm32f4xx_hal_dma.o
 .debug_line    0x0000be00      0xb39 ./Drivers/STM32F4xx_HAL_Driver/Src/stm32f4xx_hal_gpio.o
 .debug_line    0x0000c939     0x2738 ./Drivers/STM32F4xx_HAL_Driver/Src/stm32f4xx_hal_i2c.o
 .debug_line    0x0000f071     0x1814 ./Drivers/STM32F4xx_HAL_Driver/Src/stm32f4xx_hal_i2s.o
 .debug_line    0x00010885      0x7b9 ./Drivers/STM32F4xx_HAL_Driver/Src/stm32f4xx_hal_msp_template.o
 .debug_line    0x0001103e      0xfa6 ./Drivers/STM32F4xx_HAL_Driver/Src/stm32f4xx_hal_rcc.o
 .debug_line    0x00011fe4      0x8ce ./Drivers/STM32F4xx_HAL_Driver/Src/stm32f4xx_hal_rcc_ex.o
 .debug_line    0x000128b2     0x26db ./Drivers/STM32F4xx_HAL_Driver/Src/stm32f4xx_hal_tim.o
 .debug_line    0x00014f8d     0x11c3 ./Drivers/STM32F4xx_HAL_Driver/Src/stm32f4xx_hal_tim_ex.o
 .debug_line    0x00016150     0x157e ./Drivers/STM32F4xx_HAL_Driver/Src/stm32f4xx_hal_uart.o