../Core/Src/stm32f4xx_it.c:66:6:NMI_Handler	4	static
../Core/Src/stm32f4xx_it.c:75:6:HardFault_Handler	4	static
../Core/Src/stm32f4xx_it.c:88:6:MemManage_Handler	4	static
../Core/Src/stm32f4xx_it.c:101:6:BusFault_Handler	4	static
../Core/Src/stm32f4xx_it.c:114:6:UsageFault_Handler	4	static
../Core/Src/stm32f4xx_it.c:127:6:SVC_Handler	4	static
../Core/Src/stm32f4xx_it.c:136:6:DebugMon_Handler	4	static
../Core/Src/stm32f4xx_it.c:145:6:PendSV_Handler	4	static
../Core/Src/stm32f4xx_it.c:154:6:SysTick_Handler	8	static
../Core/Src/stm32f4xx_it.c:173:6:EXTI0_IRQHandler	8	static
../Core/Src/stm32f4xx_it.c:184:6:EXTI1_IRQHandler	8	static
../Core/Src/stm32f4xx_it.c:194:6:DMA1_Stream7_IRQHandler	8	static
../Core/Src/stm32f4xx_it.c:204:6:DMA1_Stream3_IRQHandler	8	static
../Core/Src/stm32f4xx_it.c:215:6:TIM4_IRQHandler	4	static
../Core/Src/stm32f4xx_it.c:225:6:OTG_FS_IRQHandler	4	static
../Core/Src/stm32f4xx_it.c:238:6:DMA1_Stream5_IRQHandler	8	static
../Core/Src/stm32f4xx_it.c:250:6:DMA1_Stream6_IRQHandler	8	static
../Core/Src/stm32f4xx_it.c:260:6:TIM3_IRQHandler	4	static
