../Core/Src/stm32f4_discovery_audio.c:216:9:BSP_AUDIO_OUT_Init	48	static
../Core/Src/stm32f4_discovery_audio.c:277:9:BSP_AUDIO_OUT_Play	16	static
../Core/Src/stm32f4_discovery_audio.c:299:6:BSP_AUDIO_OUT_ChangeBuffer	16	static
../Core/Src/stm32f4_discovery_audio.c:312:9:BSP_AUDIO_OUT_Pause	8	static
../Core/Src/stm32f4_discovery_audio.c:336:9:BSP_AUDIO_OUT_Resume	8	static
../Core/Src/stm32f4_discovery_audio.c:359:9:BSP_AUDIO_OUT_Stop	16	static
../Core/Src/stm32f4_discovery_audio.c:390:9:BSP_AUDIO_OUT_SetVolume	16	static
../Core/Src/stm32f4_discovery_audio.c:410:9:BSP_AUDIO_OUT_SetMute	16	static
../Core/Src/stm32f4_discovery_audio.c:432:9:BSP_AUDIO_OUT_SetOutputMode	16	static
../Core/Src/stm32f4_discovery_audio.c:453:6:BSP_AUDIO_OUT_SetFrequency	32	static
../Core/Src/stm32f4_discovery_audio.c:490:6:HAL_I2S_TxCpltCallback	16	static
../Core/Src/stm32f4_discovery_audio.c:504:6:HAL_I2S_TxHalfCpltCallback	16	static
../Core/Src/stm32f4_discovery_audio.c:519:13:BSP_AUDIO_OUT_TransferComplete_CallBack	4	static
../Core/Src/stm32f4_discovery_audio.c:528:13:BSP_AUDIO_OUT_HalfTransfer_CallBack	4	static
../Core/Src/stm32f4_discovery_audio.c:537:13:BSP_AUDIO_OUT_Error_CallBack	4	static
../Core/Src/stm32f4_discovery_audio.c:550:13:I2S3_MspInit	32	static
../Core/Src/stm32f4_discovery_audio.c:620:13:I2S3_Init	16	static
../Core/Src/stm32f4_discovery_audio.c:660:9:BSP_AUDIO_IN_Init	40	static
../Core/Src/stm32f4_discovery_audio.c:704:9:BSP_AUDIO_IN_Record	24	static
../Core/Src/stm32f4_discovery_audio.c:721:9:BSP_AUDIO_IN_Stop	16	static
../Core/Src/stm32f4_discovery_audio.c:738:9:BSP_AUDIO_IN_Pause	8	static
../Core/Src/stm32f4_discovery_audio.c:751:9:BSP_AUDIO_IN_Resume	8	static
../Core/Src/stm32f4_discovery_audio.c:765:9:BSP_AUDIO_IN_SetVolume	16	static
../Core/Src/stm32f4_discovery_audio.c:779:9:BSP_AUDIO_IN_PDMToPCM	160	static
../Core/Src/stm32f4_discovery_audio.c:803:6:HAL_I2S_RxCpltCallback	16	static
../Core/Src/stm32f4_discovery_audio.c:814:6:HAL_I2S_RxHalfCpltCallback	16	static
../Core/Src/stm32f4_discovery_audio.c:827:13:BSP_AUDIO_IN_TransferComplete_CallBack	4	static
../Core/Src/stm32f4_discovery_audio.c:839:13:BSP_AUDIO_IN_HalfTransfer_CallBack	4	static
../Core/Src/stm32f4_discovery_audio.c:851:13:BSP_AUDIO_IN_Error_Callback	4	static
../Core/Src/stm32f4_discovery_audio.c:867:13:PDMDecoder_Init	24	static
../Core/Src/stm32f4_discovery_audio.c:891:13:I2S2_MspInit	32	static
../Core/Src/stm32f4_discovery_audio.c:971:13:I2S2_Init	16	static
../Core/Src/stm32f4_discovery_audio.c:1012:6:HAL_I2S_ErrorCallback	16	static
../Core/Src/stm32f4_discovery_audio.c:1027:6:MX_TIM2_Init	64	static
../Core/Src/stm32f4_discovery_audio.c:1071:6:HAL_TIM_Base_MspInit	40	static
